
Map of Debug\projekt_ii.sm8 from link file Debug\projekt_ii.lkf - Sat Jan 22 18:48:43 2022


                               --------
                               Segments
                               --------

start 00008080 end 000081b7 length   311 segment .const
start 000081d7 end 00009f0a length  7475 segment .text
start 00004000 end 00004000 length     0 segment .eeprom
start 00000000 end 00000018 length    24 segment .bsct, initialized
start 000081bf end 000081d7 length    24 segment .bsct, from
start 00000018 end 00000022 length    10 segment .ubsct
start 00000022 end 00000022 length     0 segment .bit
start 00000022 end 00000022 length     0 segment .share
start 00000100 end 00000100 length     0 segment .data
start 00000100 end 00000100 length     0 segment .bss
start 00000000 end 00001695 length  5781 segment .info.
start 00000000 end 00017588 length 95624 segment .debug
start 00008000 end 00008080 length   128 segment .const
start 000081b7 end 000081bf length     8 segment .init


                               -------
                               Modules
                               -------

C:\Program Files (x86)\COSMIC\FSE_Compilers\CXSTM8\lib\crtsi0.sm8:
start 000081d7 end 00008227 length    80 section .text
start 00000100 end 00000100 length     0 section .bss
start 00000018 end 00000018 length     0 section .ubsct
start 00000000 end 00000034 length    52 section .info.

Debug\main.o:
start 00008227 end 00008412 length   491 section .text
start 00000000 end 00000016 length    22 section .bsct
start 00000000 end 00000406 length  1030 section .debug
start 00000034 end 000000b0 length   124 section .info.
start 00008080 end 000080a7 length    39 section .const

Debug\keypad.o:
start 00008412 end 0000856a length   344 section .text
start 00000406 end 00000517 length   273 section .debug
start 000000b0 end 0000012e length   126 section .info.

Debug\milis.o:
start 0000856a end 000085e5 length   123 section .text
start 00000016 end 00000018 length     2 section .bsct
start 00000517 end 00000705 length   494 section .debug
start 0000012e end 000001ab length   125 section .info.

Debug\spse_stm8.o:
start ******** end ******** length     0 section .text *** removed ***
start 00000705 end 00000b77 length  1138 section .debug
start 000001ab end 0000022c length   129 section .info.

Debug\stm8_hd44780.o:
start 000085e5 end 000089a9 length   964 section .text
start 00000b77 end 0000118e length  1559 section .debug
start 0000022c end 000002b0 length   132 section .info.

Debug\stm8_spse_i2c.o:
start ******** end ******** length     0 section .text *** removed ***
start 0000118e end 00001465 length   727 section .debug
start 000002b0 end 00000335 length   133 section .info.

Debug\stm8s_adc2.o:
start ******** end ******** length     0 section .text *** removed ***
start 00001465 end 00002382 length  3869 section .debug
start 00000335 end 000003b7 length   130 section .info.
start ******** end ******** length     0 section .const *** removed ***

Debug\stm8s_awu.o:
start ******** end ******** length     0 section .text *** removed ***
start 00002382 end 00002941 length  1471 section .debug
start 000003b7 end 00000438 length   129 section .info.
start ******** end ******** length     0 section .const *** removed ***

Debug\stm8s_beep.o:
start ******** end ******** length     0 section .text *** removed ***
start 00002941 end 00002c1c length   731 section .debug
start 00000438 end 000004ba length   130 section .info.
start ******** end ******** length     0 section .const *** removed ***

Debug\stm8s_can.o:
start ******** end ******** length     0 section .text *** removed ***
start ******** end ******** length     0 section .bsct *** removed ***
start 00002c1c end 00005371 length 10069 section .debug
start 000004ba end 0000053b length   129 section .info.
start ******** end ******** length     0 section .const *** removed ***

Debug\stm8s_clk.o:
start 000089a9 end 000090af length  1798 section .text
start 00005371 end 000069e0 length  5743 section .debug
start 0000053b end 000005bc length   129 section .info.
start 000080a7 end 000080c3 length    28 section .const

Debug\stm8s_exti.o:
start ******** end ******** length     0 section .text *** removed ***
start 000069e0 end 00006e6f length  1167 section .debug
start 000005bc end 0000063e length   130 section .info.
start ******** end ******** length     0 section .const *** removed ***

Debug\stm8s_flash.o:
start ******** end ******** length     0 section .text *** removed ***
start 00006e6f end 00007c9f length  3632 section .debug
start 0000063e end 000006c1 length   131 section .info.
start ******** end ******** length     0 section .const *** removed ***

Debug\stm8s_gpio.o:
start 000090af end 0000920b length   348 section .text
start 00007c9f end 000086a9 length  2570 section .debug
start 000006c1 end 00000743 length   130 section .info.
start 000080c3 end 000080d4 length    17 section .const

Debug\stm8s_i2c.o:
start ******** end ******** length     0 section .text *** removed ***
start 000086a9 end 00009c4a length  5537 section .debug
start 00000743 end 000007c4 length   129 section .info.
start ******** end ******** length     0 section .const *** removed ***

Debug\stm8s_it.o:
start 0000920b end 00009225 length    26 section .text
start 00009c4a end 0000a3d7 length  1933 section .debug
start 000007c4 end 00000844 length   128 section .info.

Debug\stm8s_itc.o:
start 00009225 end 000093ee length   457 section .text
start 0000a3d7 end 0000aa5e length  1671 section .debug
start 00000844 end 000008c5 length   129 section .info.
start 000080d4 end 00008148 length   116 section .const

Debug\stm8s_iwdg.o:
start ******** end ******** length     0 section .text *** removed ***
start 0000aa5e end 0000ae00 length   930 section .debug
start 000008c5 end 00000947 length   130 section .info.
start ******** end ******** length     0 section .const *** removed ***

Debug\stm8s_rst.o:
start ******** end ******** length     0 section .text *** removed ***
start 0000ae00 end 0000b02f length   559 section .debug
start 00000947 end 000009c8 length   129 section .info.
start ******** end ******** length     0 section .const *** removed ***

Debug\stm8s_spi.o:
start ******** end ******** length     0 section .text *** removed ***
start 0000b02f end 0000bf6b length  3900 section .debug
start 000009c8 end 00000a49 length   129 section .info.
start ******** end ******** length     0 section .const *** removed ***

Debug\stm8s_tim1.o:
start ******** end ******** length     0 section .text *** removed ***
start 0000bf6b end 0000fef5 length 16266 section .debug
start 00000a49 end 00000acb length   130 section .info.
start ******** end ******** length     0 section .const *** removed ***

Debug\stm8s_tim2.o:
start ******** end ******** length     0 section .text *** removed ***
start 0000fef5 end 00012209 length  8980 section .debug
start 00000acb end 00000b4d length   130 section .info.
start ******** end ******** length     0 section .const *** removed ***

Debug\stm8s_tim3.o:
start ******** end ******** length     0 section .text *** removed ***
start 00012209 end 00014023 length  7706 section .debug
start 00000b4d end 00000bcf length   130 section .info.
start ******** end ******** length     0 section .const *** removed ***

Debug\stm8s_tim4.o:
start 000093ee end 000096b5 length   711 section .text
start 00014023 end 00014bda length  2999 section .debug
start 00000bcf end 00000c51 length   130 section .info.
start 00008148 end 00008159 length    17 section .const

Debug\stm8s_uart1.o:
start ******** end ******** length     0 section .text *** removed ***
start 00014bda end 00015fc6 length  5100 section .debug
start 00000c51 end 00000cd4 length   131 section .info.
start ******** end ******** length     0 section .const *** removed ***

Debug\stm8s_uart3.o:
start ******** end ******** length     0 section .text *** removed ***
start 00015fc6 end 000170f2 length  4396 section .debug
start 00000cd4 end 00000d57 length   131 section .info.
start ******** end ******** length     0 section .const *** removed ***

Debug\stm8s_wwdg.o:
start ******** end ******** length     0 section .text *** removed ***
start 000170f2 end 00017338 length   582 section .debug
start 00000d57 end 00000dd9 length   130 section .info.
start ******** end ******** length     0 section .const *** removed ***

Debug\swspi.o:
start ******** end ******** length     0 section .text *** removed ***
start 00017338 end 00017462 length   298 section .debug
start 00000dd9 end 00000e56 length   125 section .info.

(C:\Program Files (x86)\COSMIC\FSE_Compilers\CXSTM8\lib\libis0.sm8)sprnt.o:
start 000096b5 end 000096c9 length    20 section .text
start 00000e56 end 00000ec7 length   113 section .info.

(C:\Program Files (x86)\COSMIC\FSE_Compilers\CXSTM8\lib\libis0.sm8)cprint.o:
start 000096c9 end 00009c23 length  1370 section .text
start 00000ec7 end 00000f39 length   114 section .info.
start 00008159 end 00008192 length    57 section .const

(C:\Program Files (x86)\COSMIC\FSE_Compilers\CXSTM8\lib\libis0.sm8)itob.o:
start 00009c23 end 00009d33 length   272 section .text
start 00000f39 end 00000fa9 length   112 section .info.
start 00008192 end 000081b7 length    37 section .const

(C:\Program Files (x86)\COSMIC\FSE_Compilers\CXSTM8\lib\libis0.sm8)idiv0.o:
start 00009d33 end 00009d3e length    11 section .text
start 00000fa9 end 00000fd6 length    45 section .info.

(C:\Program Files (x86)\COSMIC\FSE_Compilers\CXSTM8\lib\libis0.sm8)ildiv0.o:
start 00009d3e end 00009d59 length    27 section .text
start 00000fd6 end 00001004 length    46 section .info.

(C:\Program Files (x86)\COSMIC\FSE_Compilers\CXSTM8\lib\libis0.sm8)putchr.o:
start 00009d59 end 00009d5c length     3 section .text
start 00001004 end 00001076 length   114 section .info.

(C:\Program Files (x86)\COSMIC\FSE_Compilers\CXSTM8\lib\libis0.sm8)strlen0.o:
start 00009d5c end 00009d68 length    12 section .text
start 00001076 end 000010a5 length    47 section .info.

(C:\Program Files (x86)\COSMIC\FSE_Compilers\CXSTM8\lib\libis0.sm8)toup0.o:
start 00009d68 end 00009d73 length    11 section .text
start 000010a5 end 000010d2 length    45 section .info.

(C:\Program Files (x86)\COSMIC\FSE_Compilers\CXSTM8\lib\libm0.sm8)bmulx.o:
start 00009d73 end 00009d81 length    14 section .text
start 000010d2 end 00001102 length    48 section .info.

(C:\Program Files (x86)\COSMIC\FSE_Compilers\CXSTM8\lib\libm0.sm8)cmulx.o:
start ******** end ******** length     0 section .text *** removed ***
start 00001102 end 00001132 length    48 section .info.

(C:\Program Files (x86)\COSMIC\FSE_Compilers\CXSTM8\lib\libm0.sm8)ldiv.o:
start 00009d81 end 00009e6c length   235 section .text
start 00001132 end 00001161 length    47 section .info.

(C:\Program Files (x86)\COSMIC\FSE_Compilers\CXSTM8\lib\libm0.sm8)imul.o:
start ******** end ******** length     0 section .text *** removed ***
start 00001161 end 00001190 length    47 section .info.

(C:\Program Files (x86)\COSMIC\FSE_Compilers\CXSTM8\lib\libm0.sm8)ladd.o:
start ******** end ******** length     0 section .text *** removed ***
start 00001190 end 000011bf length    47 section .info.

(C:\Program Files (x86)\COSMIC\FSE_Compilers\CXSTM8\lib\libm0.sm8)lcmp.o:
start ******** end ******** length     0 section .text *** removed ***
start 000011bf end 000011ee length    47 section .info.

(C:\Program Files (x86)\COSMIC\FSE_Compilers\CXSTM8\lib\libm0.sm8)lgadd.o:
start ******** end ******** length     0 section .text *** removed ***
start 000011ee end 0000121e length    48 section .info.

(C:\Program Files (x86)\COSMIC\FSE_Compilers\CXSTM8\lib\libm0.sm8)lgneg.o:
start 00009e6c end 00009e7f length    19 section .text
start 0000121e end 0000124e length    48 section .info.

(C:\Program Files (x86)\COSMIC\FSE_Compilers\CXSTM8\lib\libm0.sm8)lgursh.o:
start ******** end ******** length     0 section .text *** removed ***
start 0000124e end 0000127f length    49 section .info.

(C:\Program Files (x86)\COSMIC\FSE_Compilers\CXSTM8\lib\libm0.sm8)llsh.o:
start ******** end ******** length     0 section .text *** removed ***
start 0000127f end 000012ae length    47 section .info.

(C:\Program Files (x86)\COSMIC\FSE_Compilers\CXSTM8\lib\libm0.sm8)lmul.o:
start ******** end ******** length     0 section .text *** removed ***
start 000012ae end 000012dd length    47 section .info.

(C:\Program Files (x86)\COSMIC\FSE_Compilers\CXSTM8\lib\libm0.sm8)lneg.o:
start 00009e7f end 00009e94 length    21 section .text
start 000012dd end 0000130c length    47 section .info.

(C:\Program Files (x86)\COSMIC\FSE_Compilers\CXSTM8\lib\libm0.sm8)lor.o:
start ******** end ******** length     0 section .text *** removed ***
start 0000130c end 0000133a length    46 section .info.

(C:\Program Files (x86)\COSMIC\FSE_Compilers\CXSTM8\lib\libm0.sm8)lreg.o:
start 00000018 end 0000001c length     4 section .ubsct
start 0000133a end 00001369 length    47 section .info.

(C:\Program Files (x86)\COSMIC\FSE_Compilers\CXSTM8\lib\libm0.sm8)lsub.o:
start ******** end ******** length     0 section .text *** removed ***
start 00001369 end 00001398 length    47 section .info.

(C:\Program Files (x86)\COSMIC\FSE_Compilers\CXSTM8\lib\libm0.sm8)ltor.o:
start 00009e94 end 00009ea6 length    18 section .text
start 00001398 end 000013c7 length    47 section .info.

(C:\Program Files (x86)\COSMIC\FSE_Compilers\CXSTM8\lib\libm0.sm8)ludiv.o:
start 00009ea6 end 00009eba length    20 section .text
start 000013c7 end 000013f7 length    48 section .info.

(C:\Program Files (x86)\COSMIC\FSE_Compilers\CXSTM8\lib\libm0.sm8)lursh.o:
start ******** end ******** length     0 section .text *** removed ***
start 000013f7 end 00001427 length    48 section .info.

(C:\Program Files (x86)\COSMIC\FSE_Compilers\CXSTM8\lib\libm0.sm8)lzmp.o:
start 00009eba end 00009ecd length    19 section .text
start 00001427 end 00001456 length    47 section .info.

(C:\Program Files (x86)\COSMIC\FSE_Compilers\CXSTM8\lib\libm0.sm8)rtol.o:
start 00009ecd end 00009edf length    18 section .text
start 00001456 end 00001485 length    47 section .info.

(C:\Program Files (x86)\COSMIC\FSE_Compilers\CXSTM8\lib\libm0.sm8)sdivx.o:
start 00009edf end 00009f0a length    43 section .text
start 00001485 end 000014b5 length    48 section .info.

(C:\Program Files (x86)\COSMIC\FSE_Compilers\CXSTM8\lib\libm0.sm8)smul.o:
start ******** end ******** length     0 section .text *** removed ***
start 000014b5 end 000014e4 length    47 section .info.

(C:\Program Files (x86)\COSMIC\FSE_Compilers\CXSTM8\lib\libm0.sm8)utol.o:
start ******** end ******** length     0 section .text *** removed ***
start 000014e4 end 00001513 length    47 section .info.

(C:\Program Files (x86)\COSMIC\FSE_Compilers\CXSTM8\lib\libm0.sm8)utolx.o:
start ******** end ******** length     0 section .text *** removed ***
start 00001513 end 00001543 length    48 section .info.

(C:\Program Files (x86)\COSMIC\FSE_Compilers\CXSTM8\lib\libm0.sm8)umul.o:
start ******** end ******** length     0 section .text *** removed ***
start 00001543 end 00001572 length    47 section .info.

(C:\Program Files (x86)\COSMIC\FSE_Compilers\CXSTM8\lib\libm0.sm8)xreg.o:
start 0000001c end 0000001f length     3 section .ubsct
start 00001572 end 000015a1 length    47 section .info.

(C:\Program Files (x86)\COSMIC\FSE_Compilers\CXSTM8\lib\libm0.sm8)yreg.o:
start 0000001f end 00000022 length     3 section .ubsct
start 000015a1 end 000015d0 length    47 section .info.

Debug\stm8_interrupt_vector.o:
start 00017462 end 00017588 length   294 section .debug
start 000015d0 end 0000165d length   141 section .info.
start 00008000 end 00008080 length   128 section .const


                             -----------
                             Stack usage
                             -----------

Debug\keypad.o:
_keypad_init                           14   (2)
_keypad_scan                            8   (3)

Debug\main.o:
_RGB_manager                            7   (2)
_assert_failed                          6   (6)
_click                                 32   (3)
_init                                  28   (2)
_kontrola                             124   (36)
_main                              >  130   (2)
_process_keypad                       128   (4)

Debug\milis.o:
_delay_ms                          >   20   (6)
_init_milis                            14   (2)
_milis                                 14   (4)
f_TIM4_UPD_OVF_IRQHandler          >   21   (12)

Debug\stm8_hd44780.o:
_lcd_bus_inputs                        14   (2)
_lcd_bus_outputs                       14   (2)
_lcd_bus_read                           8   (3)
_lcd_bus_set                            8   (3)
_lcd_bus_sleep                     >   16   (2)
_lcd_bus_wakeup                    >   16   (2)
_lcd_busy_wait                         21   (4)
_lcd_command                           24   (3)
_lcd_data                              24   (3)
_lcd_deinit_hw                     >   14   (2)
_lcd_e_tick                             7   (2)
_lcd_gotoxy                            29   (5)
_lcd_init                              26   (2)
_lcd_init_hw                           16   (2)
_lcd_puts                              28   (4)
_lcd_read                              17   (3)
_lcd_store_symbol                  >   30   (6)

Debug\stm8s_clk.o:
_CLK_AdjustHSICalibrationValue     >    9   (3)
_CLK_CCOCmd                        >    9   (3)
_CLK_CCOConfig                     >    9   (3)
_CLK_ClearITPendingBit             >    9   (3)
_CLK_ClockSecuritySystemEnable     >    2   (2)
_CLK_ClockSwitchCmd                >    9   (3)
_CLK_ClockSwitchConfig             >   16   (10)
_CLK_DeInit                        >    2   (2)
_CLK_FastHaltWakeUpCmd             >    9   (3)
_CLK_GetClockFreq                  >   25   (11)
_CLK_GetFlagStatus                 >   13   (7)
_CLK_GetITStatus                   >   10   (4)
_CLK_GetSYSCLKSource               >    2   (2)
_CLK_HSECmd                        >    9   (3)
_CLK_HSICmd                        >    9   (3)
_CLK_HSIPrescalerConfig                 9   (3)
_CLK_ITConfig                      >   10   (4)
_CLK_LSICmd                        >    9   (3)
_CLK_PeripheralClockConfig         >   10   (4)
_CLK_SWIMConfig                    >    9   (3)
_CLK_SYSCLKConfig                  >    9   (3)
_CLK_SYSCLKEmergencyClear          >    2   (2)
_CLK_SlowActiveHaltWakeUpCmd       >    9   (3)

Debug\stm8s_gpio.o:
_GPIO_DeInit                       >    2   (2)
_GPIO_ExternalPullUpConfig         >   12   (6)
_GPIO_Init                             12   (6)
_GPIO_ReadInputData                >    2   (2)
_GPIO_ReadInputPin                      5   (5)
_GPIO_ReadOutputData               >    2   (2)
_GPIO_Write                        >    5   (5)
_GPIO_WriteHigh                         5   (5)
_GPIO_WriteLow                          5   (5)
_GPIO_WriteReverse                 >    5   (5)

Debug\stm8s_it.o:
f_ADC2_IRQHandler                  >    6   (6)
f_AWU_IRQHandler                   >    6   (6)
f_CAN_RX_IRQHandler                >    6   (6)
f_CAN_TX_IRQHandler                >    6   (6)
f_CLK_IRQHandler                   >    6   (6)
f_EEPROM_EEC_IRQHandler            >    6   (6)
f_EXTI_PORTA_IRQHandler            >    6   (6)
f_EXTI_PORTB_IRQHandler            >    6   (6)
f_EXTI_PORTC_IRQHandler            >    6   (6)
f_EXTI_PORTD_IRQHandler            >    6   (6)
f_EXTI_PORTE_IRQHandler            >    6   (6)
f_I2C_IRQHandler                   >    6   (6)
f_NonHandledInterrupt              >    6   (6)
f_SPI_IRQHandler                   >    6   (6)
f_TIM1_CAP_COM_IRQHandler          >    6   (6)
f_TIM1_UPD_OVF_TRG_BRK_IRQHandler  >    6   (6)
f_TIM2_CAP_COM_IRQHandler          >    6   (6)
f_TIM2_UPD_OVF_BRK_IRQHandler      >    6   (6)
f_TIM3_CAP_COM_IRQHandler          >    6   (6)
f_TIM3_UPD_OVF_BRK_IRQHandler      >    6   (6)
f_TLI_IRQHandler                   >    6   (6)
f_TRAP_IRQHandler                  >    6   (6)
f_UART1_RX_IRQHandler              >    6   (6)
f_UART1_TX_IRQHandler              >    6   (6)
f_UART3_RX_IRQHandler              >    6   (6)
f_UART3_TX_IRQHandler              >    6   (6)

Debug\stm8s_itc.o:
_ITC_DeInit                        >    2   (2)
_ITC_GetCPUCC                           2   (2)
_ITC_GetSoftIntStatus                   4   (2)
_ITC_GetSoftwarePriority           >   11   (5)
_ITC_SetSoftwarePriority               12   (6)

Debug\stm8s_tim4.o:
_TIM4_ARRPreloadConfig             >    9   (3)
_TIM4_ClearFlag                         9   (3)
_TIM4_ClearITPendingBit            >    9   (3)
_TIM4_Cmd                               9   (3)
_TIM4_DeInit                       >    2   (2)
_TIM4_GenerateEvent                >    9   (3)
_TIM4_GetCounter                   >    2   (2)
_TIM4_GetFlagStatus                >   10   (4)
_TIM4_GetITStatus                  >   11   (5)
_TIM4_GetPrescaler                 >    2   (2)
_TIM4_ITConfig                         10   (4)
_TIM4_PrescalerConfig              >   10   (4)
_TIM4_SelectOnePulseMode           >    9   (3)
_TIM4_SetAutoreload                >    2   (2)
_TIM4_SetCounter                   >    2   (2)
_TIM4_TimeBaseInit                     10   (4)
_TIM4_UpdateDisableConfig          >    9   (3)
_TIM4_UpdateRequestConfig          >    9   (3)

C:\Program Files (x86:
L11__cvtup                              8   (6)
L31__putbuf                            12   (9)
L7__gnum                               20   (16)
__print                                74   (51)
__udiv                                  4   (4)
__uldiv                                 6   (6)
__itob                                 19   (15)
__ltob                                 23   (17)
_putchar                                3   (3)
_sprintf                               88   (14)
_strlen                                 2   (2)
_toupper                                2   (2)

Stack size: 151


                              ---------
                              Call tree
                              ---------
   1 > _CLK_AdjustHSICalibrationValue: (3)
   2      + _assert_failed: (6)
       
   3 > _CLK_CCOCmd: (3)
   4      + _assert_failed --> 2
       
   5 > _CLK_CCOConfig: (3)
   6      + _assert_failed --> 2
       
   7 > _CLK_ClearITPendingBit: (3)
   8      + _assert_failed --> 2
       
   9 > _CLK_ClockSecuritySystemEnable: (2)

  10 > _CLK_ClockSwitchCmd: (3)
  11      + _assert_failed --> 2
       
  12 > _CLK_ClockSwitchConfig: (10)
  13      + _assert_failed --> 2
       
  14 > _CLK_DeInit: (2)

  15 > _CLK_FastHaltWakeUpCmd: (3)
  16      + _assert_failed --> 2
       
  17 > _CLK_GetClockFreq: (11)

  18 > _CLK_GetFlagStatus: (7)
  19      + _assert_failed --> 2
       
  20 > _CLK_GetITStatus: (4)
  21      + _assert_failed --> 2
       
  22 > _CLK_GetSYSCLKSource: (2)

  23 > _CLK_HSECmd: (3)
  24      + _assert_failed --> 2
       
  25 > _CLK_HSICmd: (3)
  26      + _assert_failed --> 2
       
  27 > _CLK_ITConfig: (4)
  28      + _assert_failed --> 2
       
  29 > _CLK_LSICmd: (3)
  30      + _assert_failed --> 2
       
  31 > _CLK_PeripheralClockConfig: (4)
  32      + _assert_failed --> 2
       
  33 > _CLK_SWIMConfig: (3)
  34      + _assert_failed --> 2
       
  35 > _CLK_SYSCLKConfig: (3)
  36      + _assert_failed --> 2
       
  37 > _CLK_SYSCLKEmergencyClear: (2)

  38 > _CLK_SlowActiveHaltWakeUpCmd: (3)
  39      + _assert_failed --> 2
       
  40 > _GPIO_DeInit: (2)

  41 > _GPIO_ExternalPullUpConfig: (6)
  42      + _assert_failed --> 2
       
  43 > _GPIO_ReadInputData: (2)

  44 > _GPIO_ReadOutputData: (2)

  45 > _GPIO_Write: (5)

  46 > _GPIO_WriteReverse: (5)

  47 > _ITC_DeInit: (2)

  48 > _ITC_GetSoftwarePriority: (5)
  49      + _assert_failed --> 2
       
  50 > _TIM4_ARRPreloadConfig: (3)
  51      + _assert_failed --> 2
       
  52 > _TIM4_ClearITPendingBit: (3)
  53      + _assert_failed --> 2
       
  54 > _TIM4_DeInit: (2)

  55 > _TIM4_GenerateEvent: (3)
  56      + _assert_failed --> 2
       
  57 > _TIM4_GetCounter: (2)

  58 > _TIM4_GetFlagStatus: (4)
  59      + _assert_failed --> 2
       
  60 > _TIM4_GetITStatus: (5)
  61      + _assert_failed --> 2
       
  62 > _TIM4_GetPrescaler: (2)

  63 > _TIM4_PrescalerConfig: (4)
  64      + _assert_failed --> 2
       
  65 > _TIM4_SelectOnePulseMode: (3)
  66      + _assert_failed --> 2
       
  67 > _TIM4_SetAutoreload: (2)

  68 > _TIM4_SetCounter: (2)

  69 > _TIM4_UpdateDisableConfig: (3)
  70      + _assert_failed --> 2
       
  71 > _TIM4_UpdateRequestConfig: (3)
  72      + _assert_failed --> 2
       
  73 > __stext: (0)

  74 > _delay_ms: (6)
  75      + _milis: (4)
  76      |    + _TIM4_ITConfig: (4)
  77      |    |    + _assert_failed --> 2
          |    | 
          | 
       
  78 > _lcd_bus_sleep: (2)
  79      + _GPIO_WriteHigh: (5)
  80      + _lcd_bus_inputs: (2)
  81      |    + _GPIO_Init: (6)
  82      |    |    + _assert_failed --> 2
          |    | 
          | 
       
  83 > _lcd_bus_wakeup: (2)
  84      + _GPIO_WriteHigh --> 79
  85      + _GPIO_WriteLow: (5)
  86      + _lcd_bus_outputs: (2)
  87      |    + _GPIO_Init --> 81
          | 
       
  88 > _lcd_deinit_hw: (2)
  89      + _GPIO_Init --> 81
       
  90 > _lcd_store_symbol: (6)
  91      + _lcd_command: (3)
  92      |    + _GPIO_WriteLow --> 85
  93      |    + _lcd_bus_set: (3)
  94      |    |    + _GPIO_WriteHigh --> 79
  95      |    |    + _GPIO_WriteLow --> 85
          |    | 
  96      |    + _lcd_busy_wait: (4)
  97      |    |    + _lcd_read: (3)
  98      |    |    |    + _GPIO_WriteHigh --> 79
  99      |    |    |    + _GPIO_WriteLow --> 85
 100      |    |    |    + _lcd_bus_inputs --> 80
 101      |    |    |    + _lcd_bus_outputs --> 86
 102      |    |    |    + _lcd_bus_read: (3)
 103      |    |    |    |    + _GPIO_ReadInputPin: (5)
          |    |    |    | 
          |    |    | 
          |    | 
 104      |    + _lcd_e_tick: (2)
 105      |    |    + _GPIO_WriteHigh --> 79
 106      |    |    + _GPIO_WriteLow --> 85
          |    | 
          | 
 107      + _lcd_data: (3)
 108      |    + _GPIO_WriteHigh --> 79
 109      |    + _lcd_bus_set --> 93
 110      |    + _lcd_busy_wait --> 96
 111      |    + _lcd_e_tick --> 104
          | 
       
 112 > _main: (2)
 113      + _RGB_manager: (2)
 114      |    + _GPIO_WriteHigh --> 79
 115      |    + _GPIO_WriteLow --> 85
          | 
 116      + _init: (2)
 117      |    + _CLK_HSIPrescalerConfig: (3)
 118      |    |    + _assert_failed --> 2
          |    | 
 119      |    + _GPIO_Init --> 81
 120      |    + _init_milis: (2)
 121      |    |    + _ITC_SetSoftwarePriority: (6)
 122      |    |    |    + _ITC_GetSoftIntStatus: (2)
 123      |    |    |    |    + _ITC_GetCPUCC: (2)
          |    |    |    | 
 124      |    |    |    + _assert_failed --> 2
          |    |    | 
 125      |    |    + _TIM4_ClearFlag: (3)
 126      |    |    |    + _assert_failed --> 2
          |    |    | 
 127      |    |    + _TIM4_Cmd: (3)
 128      |    |    |    + _assert_failed --> 2
          |    |    | 
 129      |    |    + _TIM4_ITConfig --> 76
 130      |    |    + _TIM4_TimeBaseInit: (4)
 131      |    |    |    + _assert_failed --> 2
          |    |    | 
          |    | 
 132      |    + _keypad_init: (2)
 133      |    |    + _GPIO_Init --> 81
          |    | 
 134      |    + _lcd_init: (2)
 135      |    |    + _lcd_bus_outputs --> 86
 136      |    |    + _lcd_bus_set --> 93
 137      |    |    + _lcd_command --> 91
 138      |    |    + _lcd_e_tick --> 104
 139      |    |    + _lcd_init_hw: (2)
 140      |    |    |    + _GPIO_Init --> 81
 141      |    |    |    + _lcd_bus_outputs --> 86
          |    |    | 
          |    | 
          | 
 142      + _process_keypad: (4)
 143      |    + _click: (3)
 144      |    |    + _lcd_data --> 107
 145      |    |    + _lcd_gotoxy: (5)
 146      |    |    |    + _lcd_command --> 91
          |    |    | 
          |    | 
 147      |    + _keypad_scan: (3)
 148      |    |    + _GPIO_ReadInputPin --> 103
 149      |    |    + _GPIO_WriteHigh --> 79
 150      |    |    + _GPIO_WriteLow --> 85
          |    | 
 151      |    + _kontrola: (36)
 152      |    |    + _lcd_gotoxy --> 145
 153      |    |    + _lcd_puts: (4)
 154      |    |    |    + _lcd_data --> 107
          |    |    | 
 155      |    |    + _sprintf: (14)
 156      |    |    |    + __print: (51)
 157      |    |    |    |    + L11__cvtup: (6)
 158      |    |    |    |    |    + _toupper: (2)
          |    |    |    |    | 
 159      |    |    |    |    + L31__putbuf: (9)
 160      |    |    |    |    |    + _putchar: (3)
          |    |    |    |    | 
 161      |    |    |    |    + L7__gnum: (16)
 162      |    |    |    |    + __itob: (15)
 163      |    |    |    |    |    + __udiv: (4)
          |    |    |    |    | 
 164      |    |    |    |    + __ltob: (17)
 165      |    |    |    |    |    + __uldiv: (6)
          |    |    |    |    | 
 166      |    |    |    |    + _strlen: (2)
          |    |    |    | 
          |    |    | 
          |    | 
 167      |    + _lcd_command --> 91
 168      |    + _milis --> 75
          | 
       
 169 > f_ADC2_IRQHandler: (6)

 170 > f_AWU_IRQHandler: (6)

 171 > f_CAN_RX_IRQHandler: (6)

 172 > f_CAN_TX_IRQHandler: (6)

 173 > f_CLK_IRQHandler: (6)

 174 > f_EEPROM_EEC_IRQHandler: (6)

 175 > f_EXTI_PORTA_IRQHandler: (6)

 176 > f_EXTI_PORTB_IRQHandler: (6)

 177 > f_EXTI_PORTC_IRQHandler: (6)

 178 > f_EXTI_PORTD_IRQHandler: (6)

 179 > f_EXTI_PORTE_IRQHandler: (6)

 180 > f_I2C_IRQHandler: (6)

 181 > f_NonHandledInterrupt: (6)

 182 > f_SPI_IRQHandler: (6)

 183 > f_TIM1_CAP_COM_IRQHandler: (6)

 184 > f_TIM1_UPD_OVF_TRG_BRK_IRQHandler: (6)

 185 > f_TIM2_CAP_COM_IRQHandler: (6)

 186 > f_TIM2_UPD_OVF_BRK_IRQHandler: (6)

 187 > f_TIM3_CAP_COM_IRQHandler: (6)

 188 > f_TIM3_UPD_OVF_BRK_IRQHandler: (6)

 189 > f_TIM4_UPD_OVF_IRQHandler: (12)
 190      + _TIM4_ClearFlag --> 125
       
 191 > f_TLI_IRQHandler: (6)

 192 > f_TRAP_IRQHandler: (6)

 193 > f_UART1_RX_IRQHandler: (6)

 194 > f_UART1_TX_IRQHandler: (6)

 195 > f_UART3_RX_IRQHandler: (6)

 196 > f_UART3_TX_IRQHandler: (6)

 197   L11__cvtup --> 157

 198   L31__putbuf --> 159

 199   L7__gnum --> 161

 200   _CLK_HSIPrescalerConfig --> 117

 201   _GPIO_Init --> 81

 202   _GPIO_ReadInputPin --> 103

 203   _GPIO_WriteHigh --> 79

 204   _GPIO_WriteLow --> 85

 205   _ITC_GetCPUCC --> 123

 206   _ITC_GetSoftIntStatus --> 122

 207   _ITC_SetSoftwarePriority --> 121

 208   _RGB_manager --> 113

 209   _TIM4_ClearFlag --> 125

 210   _TIM4_Cmd --> 127

 211   _TIM4_ITConfig --> 76

 212   _TIM4_TimeBaseInit --> 130

 213   __itob --> 162

 214   __ltob --> 164

 215   __print --> 156

 216   __udiv --> 163

 217   __uldiv --> 165

 218   _assert_failed --> 2

 219   _click --> 143

 220   _init --> 116

 221   _init_milis --> 120

 222   _keypad_init --> 132

 223   _keypad_scan --> 147

 224   _kontrola --> 151

 225   _lcd_bus_inputs --> 80

 226   _lcd_bus_outputs --> 86

 227   _lcd_bus_read --> 102

 228   _lcd_bus_set --> 93

 229   _lcd_busy_wait --> 96

 230   _lcd_command --> 91

 231   _lcd_data --> 107

 232   _lcd_e_tick --> 104

 233   _lcd_gotoxy --> 145

 234   _lcd_init --> 134

 235   _lcd_init_hw --> 139

 236   _lcd_puts --> 153

 237   _lcd_read --> 97

 238   _milis --> 75

 239   _process_keypad --> 142

 240   _putchar --> 160

 241   _sprintf --> 155

 242   _strlen --> 166

 243   _toupper --> 158



                               -------
                               Symbols
                               -------

_ADC2_AlignConfig                   ********   *** removed from Debug\spse_stm8.o ***
_ADC2_ClearFlag                     ********   *** removed from Debug\stm8s_adc2.o ***
_ADC2_ClearITPendingBit             ********   *** removed from Debug\stm8s_adc2.o ***
_ADC2_Cmd                           ********   *** removed from Debug\stm8s_adc2.o ***
_ADC2_ConversionConfig              ********   *** removed from Debug\stm8s_adc2.o ***
_ADC2_DeInit                        ********   *** removed from Debug\stm8s_adc2.o ***
_ADC2_ExternalTriggerConfig         ********   *** removed from Debug\stm8s_adc2.o ***
_ADC2_GetConversionValue            ********   *** removed from Debug\stm8s_adc2.o ***
_ADC2_GetFlagStatus                 ********   *** removed from Debug\stm8s_adc2.o ***
_ADC2_GetITStatus                   ********   *** removed from Debug\stm8s_adc2.o ***
_ADC2_ITConfig                      ********   *** removed from Debug\stm8s_adc2.o ***
_ADC2_Init                          ********   *** removed from Debug\stm8s_adc2.o ***
_ADC2_PrescalerConfig               ********   *** removed from Debug\stm8s_adc2.o ***
_ADC2_SchmittTriggerConfig          ********   *** removed from Debug\stm8s_adc2.o ***
_ADC2_Select_Channel                ********   *** removed from Debug\spse_stm8.o ***
_ADC2_StartConversion               ********   *** removed from Debug\stm8s_adc2.o ***
_ADC2_Startup_Wait                  ********   *** removed from Debug\spse_stm8.o ***
_ADC_get                            ********   *** removed from Debug\spse_stm8.o ***
_APR_Array                          ********   *** removed from Debug\stm8s_awu.o ***
_AWU_Cmd                            ********   *** removed from Debug\stm8s_awu.o ***
_AWU_DeInit                         ********   *** removed from Debug\stm8s_awu.o ***
_AWU_GetFlagStatus                  ********   *** removed from Debug\stm8s_awu.o ***
_AWU_IdleModeEnable                 ********   *** removed from Debug\stm8s_awu.o ***
_AWU_Init                           ********   *** removed from Debug\stm8s_awu.o ***
_AWU_LSICalibrationConfig           ********   *** removed from Debug\stm8s_awu.o ***
_BEEP_Cmd                           ********   *** removed from Debug\stm8s_beep.o ***
_BEEP_DeInit                        ********   *** removed from Debug\stm8s_beep.o ***
_BEEP_Init                          ********   *** removed from Debug\stm8s_beep.o ***
_BEEP_LSICalibrationConfig          ********   *** removed from Debug\stm8s_beep.o ***
_CAN_CancelTransmit                 ********   *** removed from Debug\stm8s_can.o ***
_CAN_ClearFlag                      ********   *** removed from Debug\stm8s_can.o ***
_CAN_ClearITPendingBit              ********   *** removed from Debug\stm8s_can.o ***
_CAN_DeInit                         ********   *** removed from Debug\stm8s_can.o ***
_CAN_FIFORelease                    ********   *** removed from Debug\stm8s_can.o ***
_CAN_FilterInit                     ********   *** removed from Debug\stm8s_can.o ***
_CAN_GetFlagStatus                  ********   *** removed from Debug\stm8s_can.o ***
_CAN_GetITStatus                    ********   *** removed from Debug\stm8s_can.o ***
_CAN_GetLastErrorCode               ********   *** removed from Debug\stm8s_can.o ***
_CAN_GetMessageTimeStamp            ********   *** removed from Debug\stm8s_can.o ***
_CAN_GetReceivedDLC                 ********   *** removed from Debug\stm8s_can.o ***
_CAN_GetReceivedData                ********   *** removed from Debug\stm8s_can.o ***
_CAN_GetReceivedFMI                 ********   *** removed from Debug\stm8s_can.o ***
_CAN_GetReceivedIDE                 ********   *** removed from Debug\stm8s_can.o ***
_CAN_GetReceivedId                  ********   *** removed from Debug\stm8s_can.o ***
_CAN_GetReceivedRTR                 ********   *** removed from Debug\stm8s_can.o ***
_CAN_GetSelectedPage                ********   *** removed from Debug\stm8s_can.o ***
_CAN_ITConfig                       ********   *** removed from Debug\stm8s_can.o ***
_CAN_Init                           ********   *** removed from Debug\stm8s_can.o ***
_CAN_MessagePending                 ********   *** removed from Debug\stm8s_can.o ***
_CAN_OperatingModeRequest           ********   *** removed from Debug\stm8s_can.o ***
_CAN_Receive                        ********   *** removed from Debug\stm8s_can.o ***
_CAN_ST7CompatibilityCmd            ********   *** removed from Debug\stm8s_can.o ***
_CAN_SelectPage                     ********   *** removed from Debug\stm8s_can.o ***
_CAN_Sleep                          ********   *** removed from Debug\stm8s_can.o ***
_CAN_TTComModeCmd                   ********   *** removed from Debug\stm8s_can.o ***
_CAN_Transmit                       ********   *** removed from Debug\stm8s_can.o ***
_CAN_TransmitStatus                 ********   *** removed from Debug\stm8s_can.o ***
_CAN_WakeUp                         ********   *** removed from Debug\stm8s_can.o ***
_CLKPrescTable                      000080ab   defined in Debug\stm8s_clk.o section .const
_CLK_AdjustHSICalibrationValue      00008f51   defined in Debug\stm8s_clk.o section .text
_CLK_CCOCmd                         00008a8d   defined in Debug\stm8s_clk.o section .text
_CLK_CCOConfig                      00008d67   defined in Debug\stm8s_clk.o section .text
_CLK_ClearITPendingBit              00009081   defined in Debug\stm8s_clk.o section .text
_CLK_ClockSecuritySystemEnable      00008ed4   defined in Debug\stm8s_clk.o section .text
_CLK_ClockSwitchCmd                 00008ab8   defined in Debug\stm8s_clk.o section .text
_CLK_ClockSwitchConfig              00008bfc   defined in Debug\stm8s_clk.o section .text
_CLK_DeInit                         000089a9   defined in Debug\stm8s_clk.o section .text
_CLK_FastHaltWakeUpCmd              000089e1   defined in Debug\stm8s_clk.o section .text
_CLK_GetClockFreq                   00008edd   defined in Debug\stm8s_clk.o section .text
                                               used in Debug\stm8s_uart1.o
                                                       Debug\stm8s_uart3.o
_CLK_GetFlagStatus                  00008f95   defined in Debug\stm8s_clk.o section .text
_CLK_GetITStatus                    00009036   defined in Debug\stm8s_clk.o section .text
_CLK_GetSYSCLKSource                00008ed9   defined in Debug\stm8s_clk.o section .text
_CLK_HSECmd                         00008a0c   defined in Debug\stm8s_clk.o section .text
_CLK_HSICmd                         00008a37   defined in Debug\stm8s_clk.o section .text
_CLK_HSIPrescalerConfig             00008d32   defined in Debug\stm8s_clk.o section .text
                                               used in Debug\main.o
_CLK_ITConfig                       00008dc4   defined in Debug\stm8s_clk.o section .text
_CLK_LSICmd                         00008a62   defined in Debug\stm8s_clk.o section .text
_CLK_PeripheralClockConfig          00008b0e   defined in Debug\stm8s_clk.o section .text
_CLK_SWIMConfig                     00008ea9   defined in Debug\stm8s_clk.o section .text
_CLK_SYSCLKConfig                   00008e38   defined in Debug\stm8s_clk.o section .text
_CLK_SYSCLKEmergencyClear           00008f90   defined in Debug\stm8s_clk.o section .text
_CLK_SlowActiveHaltWakeUpCmd        00008ae3   defined in Debug\stm8s_clk.o section .text
_EXTI_DeInit                        ********   *** removed from Debug\stm8s_exti.o ***
_EXTI_GetExtIntSensitivity          ********   *** removed from Debug\stm8s_exti.o ***
_EXTI_GetTLISensitivity             ********   *** removed from Debug\stm8s_exti.o ***
_EXTI_SetExtIntSensitivity          ********   *** removed from Debug\stm8s_exti.o ***
_EXTI_SetTLISensitivity             ********   *** removed from Debug\stm8s_exti.o ***
_FLASH_DeInit                       ********   *** removed from Debug\stm8s_flash.o ***
_FLASH_EraseBlock                   ********   *** removed from Debug\stm8s_flash.o ***
_FLASH_EraseByte                    ********   *** removed from Debug\stm8s_flash.o ***
_FLASH_EraseOptionByte              ********   *** removed from Debug\stm8s_flash.o ***
_FLASH_GetBootSize                  ********   *** removed from Debug\stm8s_flash.o ***
_FLASH_GetFlagStatus                ********   *** removed from Debug\stm8s_flash.o ***
_FLASH_GetLowPowerMode              ********   *** removed from Debug\stm8s_flash.o ***
_FLASH_GetProgrammingTime           ********   *** removed from Debug\stm8s_flash.o ***
_FLASH_ITConfig                     ********   *** removed from Debug\stm8s_flash.o ***
_FLASH_Lock                         ********   *** removed from Debug\stm8s_flash.o ***
_FLASH_ProgramBlock                 ********   *** removed from Debug\stm8s_flash.o ***
_FLASH_ProgramByte                  ********   *** removed from Debug\stm8s_flash.o ***
_FLASH_ProgramOptionByte            ********   *** removed from Debug\stm8s_flash.o ***
_FLASH_ProgramWord                  ********   *** removed from Debug\stm8s_flash.o ***
_FLASH_ReadByte                     ********   *** removed from Debug\stm8s_flash.o ***
_FLASH_ReadOptionByte               ********   *** removed from Debug\stm8s_flash.o ***
_FLASH_SetLowPowerMode              ********   *** removed from Debug\stm8s_flash.o ***
_FLASH_SetProgrammingTime           ********   *** removed from Debug\stm8s_flash.o ***
_FLASH_Unlock                       ********   *** removed from Debug\stm8s_flash.o ***
_FLASH_WaitForLastOperation         ********   *** removed from Debug\stm8s_flash.o ***
_GPIO_DeInit                        000090af   defined in Debug\stm8s_gpio.o section .text
_GPIO_ExternalPullUpConfig          000091bd   defined in Debug\stm8s_gpio.o section .text
_GPIO_Init                          000090b7   defined in Debug\stm8s_gpio.o section .text
                                               used in Debug\main.o
                                                       Debug\keypad.o
                                                       Debug\stm8_hd44780.o
                                                       Debug\swspi.o
_GPIO_ReadInputData                 000091b3   defined in Debug\stm8s_gpio.o section .text
_GPIO_ReadInputPin                  000091b6   defined in Debug\stm8s_gpio.o section .text
                                               used in Debug\keypad.o
                                                       Debug\stm8_hd44780.o
_GPIO_ReadOutputData                000091b1   defined in Debug\stm8s_gpio.o section .text
_GPIO_Write                         00009193   defined in Debug\stm8s_gpio.o section .text
_GPIO_WriteHigh                     0000919b   defined in Debug\stm8s_gpio.o section .text
                                               used in Debug\main.o
                                                       Debug\keypad.o
                                                       Debug\stm8_hd44780.o
                                                       Debug\swspi.o
_GPIO_WriteLow                      000091a2   defined in Debug\stm8s_gpio.o section .text
                                               used in Debug\main.o
                                                       Debug\keypad.o
                                                       Debug\stm8_hd44780.o
                                                       Debug\swspi.o
_GPIO_WriteReverse                  000091aa   defined in Debug\stm8s_gpio.o section .text
_HSIDivFactor                       000080a7   defined in Debug\stm8s_clk.o section .const
_I2C_AcknowledgeConfig              ********   *** removed from Debug\stm8s_i2c.o ***
_I2C_CheckEvent                     ********   *** removed from Debug\stm8s_i2c.o ***
_I2C_ClearFlag                      ********   *** removed from Debug\stm8s_i2c.o ***
_I2C_ClearITPendingBit              ********   *** removed from Debug\stm8s_i2c.o ***
_I2C_Cmd                            ********   *** removed from Debug\stm8s_i2c.o ***
_I2C_DeInit                         ********   *** removed from Debug\stm8s_i2c.o ***
_I2C_FastModeDutyCycleConfig        ********   *** removed from Debug\stm8s_i2c.o ***
_I2C_GeneralCallCmd                 ********   *** removed from Debug\stm8s_i2c.o ***
_I2C_GenerateSTART                  ********   *** removed from Debug\stm8s_i2c.o ***
_I2C_GenerateSTOP                   ********   *** removed from Debug\stm8s_i2c.o ***
_I2C_GetFlagStatus                  ********   *** removed from Debug\stm8s_i2c.o ***
_I2C_GetITStatus                    ********   *** removed from Debug\stm8s_i2c.o ***
_I2C_GetLastEvent                   ********   *** removed from Debug\stm8s_i2c.o ***
_I2C_ITConfig                       ********   *** removed from Debug\stm8s_i2c.o ***
_I2C_Init                           ********   *** removed from Debug\stm8s_i2c.o ***
_I2C_RandomRead                     ********   *** removed from Debug\stm8_spse_i2c.o ***
_I2C_ReadRegister                   ********   *** removed from Debug\stm8_spse_i2c.o ***
_I2C_ReceiveData                    ********   *** removed from Debug\stm8s_i2c.o ***
_I2C_Send7bitAddress                ********   *** removed from Debug\stm8s_i2c.o ***
_I2C_SendData                       ********   *** removed from Debug\stm8s_i2c.o ***
_I2C_SoftwareResetCmd               ********   *** removed from Debug\stm8s_i2c.o ***
_I2C_StretchClockCmd                ********   *** removed from Debug\stm8s_i2c.o ***
_I2C_WriteRegister                  ********   *** removed from Debug\stm8_spse_i2c.o ***
_ITC_DeInit                         00009228   defined in Debug\stm8s_itc.o section .text
_ITC_GetCPUCC                       00009225   defined in Debug\stm8s_itc.o section .text
_ITC_GetSoftIntStatus               00009249   defined in Debug\stm8s_itc.o section .text
_ITC_GetSoftwarePriority            0000924e   defined in Debug\stm8s_itc.o section .text
_ITC_SetSoftwarePriority            000092de   defined in Debug\stm8s_itc.o section .text
                                               used in Debug\milis.o
_IWDG_Enable                        ********   *** removed from Debug\stm8s_iwdg.o ***
_IWDG_ReloadCounter                 ********   *** removed from Debug\stm8s_iwdg.o ***
_IWDG_SetPrescaler                  ********   *** removed from Debug\stm8s_iwdg.o ***
_IWDG_SetReload                     ********   *** removed from Debug\stm8s_iwdg.o ***
_IWDG_WriteAccessCmd                ********   *** removed from Debug\stm8s_iwdg.o ***
_RGB_manager                        0000825f   defined in Debug\main.o section .text
_RST_ClearFlag                      ********   *** removed from Debug\stm8s_rst.o ***
_RST_GetFlagStatus                  ********   *** removed from Debug\stm8s_rst.o ***
_SPI_BiDirectionalLineConfig        ********   *** removed from Debug\stm8s_spi.o ***
_SPI_CalculateCRCCmd                ********   *** removed from Debug\stm8s_spi.o ***
_SPI_ClearFlag                      ********   *** removed from Debug\stm8s_spi.o ***
_SPI_ClearITPendingBit              ********   *** removed from Debug\stm8s_spi.o ***
_SPI_Cmd                            ********   *** removed from Debug\stm8s_spi.o ***
_SPI_DeInit                         ********   *** removed from Debug\stm8s_spi.o ***
_SPI_GetCRC                         ********   *** removed from Debug\stm8s_spi.o ***
_SPI_GetCRCPolynomial               ********   *** removed from Debug\stm8s_spi.o ***
_SPI_GetFlagStatus                  ********   *** removed from Debug\stm8s_spi.o ***
_SPI_GetITStatus                    ********   *** removed from Debug\stm8s_spi.o ***
_SPI_ITConfig                       ********   *** removed from Debug\stm8s_spi.o ***
_SPI_Init                           ********   *** removed from Debug\stm8s_spi.o ***
_SPI_NSSInternalSoftwareCmd         ********   *** removed from Debug\stm8s_spi.o ***
_SPI_ReceiveData                    ********   *** removed from Debug\stm8s_spi.o ***
_SPI_ResetCRC                       ********   *** removed from Debug\stm8s_spi.o ***
_SPI_SendData                       ********   *** removed from Debug\stm8s_spi.o ***
_SPI_TransmitCRC                    ********   *** removed from Debug\stm8s_spi.o ***
_TBR_Array                          ********   *** removed from Debug\stm8s_awu.o ***
_TIM1_ARRPreloadConfig              ********   *** removed from Debug\stm8s_tim1.o ***
_TIM1_BDTRConfig                    ********   *** removed from Debug\stm8s_tim1.o ***
_TIM1_CCPreloadControl              ********   *** removed from Debug\stm8s_tim1.o ***
_TIM1_CCxCmd                        ********   *** removed from Debug\stm8s_tim1.o ***
_TIM1_CCxNCmd                       ********   *** removed from Debug\stm8s_tim1.o ***
_TIM1_ClearFlag                     ********   *** removed from Debug\stm8s_tim1.o ***
_TIM1_ClearITPendingBit             ********   *** removed from Debug\stm8s_tim1.o ***
_TIM1_Cmd                           ********   *** removed from Debug\stm8s_tim1.o ***
_TIM1_CounterModeConfig             ********   *** removed from Debug\stm8s_tim1.o ***
_TIM1_CtrlPWMOutputs                ********   *** removed from Debug\stm8s_tim1.o ***
_TIM1_DeInit                        ********   *** removed from Debug\stm8s_tim1.o ***
_TIM1_ETRClockMode1Config           ********   *** removed from Debug\stm8s_tim1.o ***
_TIM1_ETRClockMode2Config           ********   *** removed from Debug\stm8s_tim1.o ***
_TIM1_ETRConfig                     ********   *** removed from Debug\stm8s_tim1.o ***
_TIM1_EncoderInterfaceConfig        ********   *** removed from Debug\stm8s_tim1.o ***
_TIM1_ForcedOC1Config               ********   *** removed from Debug\stm8s_tim1.o ***
_TIM1_ForcedOC2Config               ********   *** removed from Debug\stm8s_tim1.o ***
_TIM1_ForcedOC3Config               ********   *** removed from Debug\stm8s_tim1.o ***
_TIM1_ForcedOC4Config               ********   *** removed from Debug\stm8s_tim1.o ***
_TIM1_GenerateEvent                 ********   *** removed from Debug\stm8s_tim1.o ***
_TIM1_GetCapture1                   ********   *** removed from Debug\stm8s_tim1.o ***
_TIM1_GetCapture2                   ********   *** removed from Debug\stm8s_tim1.o ***
_TIM1_GetCapture3                   ********   *** removed from Debug\stm8s_tim1.o ***
_TIM1_GetCapture4                   ********   *** removed from Debug\stm8s_tim1.o ***
_TIM1_GetCounter                    ********   *** removed from Debug\stm8s_tim1.o ***
_TIM1_GetFlagStatus                 ********   *** removed from Debug\stm8s_tim1.o ***
_TIM1_GetITStatus                   ********   *** removed from Debug\stm8s_tim1.o ***
_TIM1_GetPrescaler                  ********   *** removed from Debug\stm8s_tim1.o ***
_TIM1_ICInit                        ********   *** removed from Debug\stm8s_tim1.o ***
_TIM1_ITConfig                      ********   *** removed from Debug\stm8s_tim1.o ***
_TIM1_InternalClockConfig           ********   *** removed from Debug\stm8s_tim1.o ***
_TIM1_OC1FastConfig                 ********   *** removed from Debug\stm8s_tim1.o ***
_TIM1_OC1Init                       ********   *** removed from Debug\stm8s_tim1.o ***
_TIM1_OC1NPolarityConfig            ********   *** removed from Debug\stm8s_tim1.o ***
_TIM1_OC1PolarityConfig             ********   *** removed from Debug\stm8s_tim1.o ***
_TIM1_OC1PreloadConfig              ********   *** removed from Debug\stm8s_tim1.o ***
_TIM1_OC2FastConfig                 ********   *** removed from Debug\stm8s_tim1.o ***
_TIM1_OC2Init                       ********   *** removed from Debug\stm8s_tim1.o ***
_TIM1_OC2NPolarityConfig            ********   *** removed from Debug\stm8s_tim1.o ***
_TIM1_OC2PolarityConfig             ********   *** removed from Debug\stm8s_tim1.o ***
_TIM1_OC2PreloadConfig              ********   *** removed from Debug\stm8s_tim1.o ***
_TIM1_OC3FastConfig                 ********   *** removed from Debug\stm8s_tim1.o ***
_TIM1_OC3Init                       ********   *** removed from Debug\stm8s_tim1.o ***
_TIM1_OC3NPolarityConfig            ********   *** removed from Debug\stm8s_tim1.o ***
_TIM1_OC3PolarityConfig             ********   *** removed from Debug\stm8s_tim1.o ***
_TIM1_OC3PreloadConfig              ********   *** removed from Debug\stm8s_tim1.o ***
_TIM1_OC4FastConfig                 ********   *** removed from Debug\stm8s_tim1.o ***
_TIM1_OC4Init                       ********   *** removed from Debug\stm8s_tim1.o ***
_TIM1_OC4PolarityConfig             ********   *** removed from Debug\stm8s_tim1.o ***
_TIM1_OC4PreloadConfig              ********   *** removed from Debug\stm8s_tim1.o ***
_TIM1_PWMIConfig                    ********   *** removed from Debug\stm8s_tim1.o ***
_TIM1_PrescalerConfig               ********   *** removed from Debug\stm8s_tim1.o ***
_TIM1_SelectCOM                     ********   *** removed from Debug\stm8s_tim1.o ***
_TIM1_SelectHallSensor              ********   *** removed from Debug\stm8s_tim1.o ***
_TIM1_SelectInputTrigger            ********   *** removed from Debug\stm8s_tim1.o ***
_TIM1_SelectMasterSlaveMode         ********   *** removed from Debug\stm8s_tim1.o ***
_TIM1_SelectOCxM                    ********   *** removed from Debug\stm8s_tim1.o ***
_TIM1_SelectOnePulseMode            ********   *** removed from Debug\stm8s_tim1.o ***
_TIM1_SelectOutputTrigger           ********   *** removed from Debug\stm8s_tim1.o ***
_TIM1_SelectSlaveMode               ********   *** removed from Debug\stm8s_tim1.o ***
_TIM1_SetAutoreload                 ********   *** removed from Debug\stm8s_tim1.o ***
_TIM1_SetCompare1                   ********   *** removed from Debug\stm8s_tim1.o ***
_TIM1_SetCompare2                   ********   *** removed from Debug\stm8s_tim1.o ***
_TIM1_SetCompare3                   ********   *** removed from Debug\stm8s_tim1.o ***
_TIM1_SetCompare4                   ********   *** removed from Debug\stm8s_tim1.o ***
_TIM1_SetCounter                    ********   *** removed from Debug\stm8s_tim1.o ***
_TIM1_SetIC1Prescaler               ********   *** removed from Debug\stm8s_tim1.o ***
_TIM1_SetIC2Prescaler               ********   *** removed from Debug\stm8s_tim1.o ***
_TIM1_SetIC3Prescaler               ********   *** removed from Debug\stm8s_tim1.o ***
_TIM1_SetIC4Prescaler               ********   *** removed from Debug\stm8s_tim1.o ***
_TIM1_TIxExternalClockConfig        ********   *** removed from Debug\stm8s_tim1.o ***
_TIM1_TimeBaseInit                  ********   *** removed from Debug\stm8s_tim1.o ***
_TIM1_UpdateDisableConfig           ********   *** removed from Debug\stm8s_tim1.o ***
_TIM1_UpdateRequestConfig           ********   *** removed from Debug\stm8s_tim1.o ***
_TIM2_ARRPreloadConfig              ********   *** removed from Debug\stm8s_tim2.o ***
_TIM2_CCxCmd                        ********   *** removed from Debug\stm8s_tim2.o ***
_TIM2_ClearFlag                     ********   *** removed from Debug\stm8s_tim2.o ***
_TIM2_ClearITPendingBit             ********   *** removed from Debug\stm8s_tim2.o ***
_TIM2_Cmd                           ********   *** removed from Debug\stm8s_tim2.o ***
_TIM2_DeInit                        ********   *** removed from Debug\stm8s_tim2.o ***
_TIM2_ForcedOC1Config               ********   *** removed from Debug\stm8s_tim2.o ***
_TIM2_ForcedOC2Config               ********   *** removed from Debug\stm8s_tim2.o ***
_TIM2_ForcedOC3Config               ********   *** removed from Debug\stm8s_tim2.o ***
_TIM2_GenerateEvent                 ********   *** removed from Debug\stm8s_tim2.o ***
_TIM2_GetCapture1                   ********   *** removed from Debug\stm8s_tim2.o ***
_TIM2_GetCapture2                   ********   *** removed from Debug\stm8s_tim2.o ***
_TIM2_GetCapture3                   ********   *** removed from Debug\stm8s_tim2.o ***
_TIM2_GetCounter                    ********   *** removed from Debug\stm8s_tim2.o ***
_TIM2_GetFlagStatus                 ********   *** removed from Debug\stm8s_tim2.o ***
_TIM2_GetITStatus                   ********   *** removed from Debug\stm8s_tim2.o ***
_TIM2_GetPrescaler                  ********   *** removed from Debug\stm8s_tim2.o ***
_TIM2_ICInit                        ********   *** removed from Debug\stm8s_tim2.o ***
_TIM2_ITConfig                      ********   *** removed from Debug\stm8s_tim2.o ***
_TIM2_OC1Init                       ********   *** removed from Debug\stm8s_tim2.o ***
_TIM2_OC1PolarityConfig             ********   *** removed from Debug\stm8s_tim2.o ***
_TIM2_OC1PreloadConfig              ********   *** removed from Debug\stm8s_tim2.o ***
_TIM2_OC2Init                       ********   *** removed from Debug\stm8s_tim2.o ***
_TIM2_OC2PolarityConfig             ********   *** removed from Debug\stm8s_tim2.o ***
_TIM2_OC2PreloadConfig              ********   *** removed from Debug\stm8s_tim2.o ***
_TIM2_OC3Init                       ********   *** removed from Debug\stm8s_tim2.o ***
_TIM2_OC3PolarityConfig             ********   *** removed from Debug\stm8s_tim2.o ***
_TIM2_OC3PreloadConfig              ********   *** removed from Debug\stm8s_tim2.o ***
_TIM2_PWMIConfig                    ********   *** removed from Debug\stm8s_tim2.o ***
_TIM2_PrescalerConfig               ********   *** removed from Debug\stm8s_tim2.o ***
_TIM2_SelectOCxM                    ********   *** removed from Debug\stm8s_tim2.o ***
_TIM2_SelectOnePulseMode            ********   *** removed from Debug\stm8s_tim2.o ***
_TIM2_SetAutoreload                 ********   *** removed from Debug\stm8s_tim2.o ***
_TIM2_SetCompare1                   ********   *** removed from Debug\stm8s_tim2.o ***
_TIM2_SetCompare2                   ********   *** removed from Debug\stm8s_tim2.o ***
_TIM2_SetCompare3                   ********   *** removed from Debug\stm8s_tim2.o ***
_TIM2_SetCounter                    ********   *** removed from Debug\stm8s_tim2.o ***
_TIM2_SetIC1Prescaler               ********   *** removed from Debug\stm8s_tim2.o ***
_TIM2_SetIC2Prescaler               ********   *** removed from Debug\stm8s_tim2.o ***
_TIM2_SetIC3Prescaler               ********   *** removed from Debug\stm8s_tim2.o ***
_TIM2_TimeBaseInit                  ********   *** removed from Debug\stm8s_tim2.o ***
_TIM2_UpdateDisableConfig           ********   *** removed from Debug\stm8s_tim2.o ***
_TIM2_UpdateRequestConfig           ********   *** removed from Debug\stm8s_tim2.o ***
_TIM3_ARRPreloadConfig              ********   *** removed from Debug\stm8s_tim3.o ***
_TIM3_CCxCmd                        ********   *** removed from Debug\stm8s_tim3.o ***
_TIM3_ClearFlag                     ********   *** removed from Debug\stm8s_tim3.o ***
_TIM3_ClearITPendingBit             ********   *** removed from Debug\stm8s_tim3.o ***
_TIM3_Cmd                           ********   *** removed from Debug\stm8s_tim3.o ***
_TIM3_DeInit                        ********   *** removed from Debug\stm8s_tim3.o ***
_TIM3_ForcedOC1Config               ********   *** removed from Debug\stm8s_tim3.o ***
_TIM3_ForcedOC2Config               ********   *** removed from Debug\stm8s_tim3.o ***
_TIM3_GenerateEvent                 ********   *** removed from Debug\stm8s_tim3.o ***
_TIM3_GetCapture1                   ********   *** removed from Debug\stm8s_tim3.o ***
_TIM3_GetCapture2                   ********   *** removed from Debug\stm8s_tim3.o ***
_TIM3_GetCounter                    ********   *** removed from Debug\stm8s_tim3.o ***
_TIM3_GetFlagStatus                 ********   *** removed from Debug\stm8s_tim3.o ***
_TIM3_GetITStatus                   ********   *** removed from Debug\stm8s_tim3.o ***
_TIM3_GetPrescaler                  ********   *** removed from Debug\stm8s_tim3.o ***
_TIM3_ICInit                        ********   *** removed from Debug\stm8s_tim3.o ***
_TIM3_ITConfig                      ********   *** removed from Debug\stm8s_tim3.o ***
_TIM3_OC1Init                       ********   *** removed from Debug\stm8s_tim3.o ***
_TIM3_OC1PolarityConfig             ********   *** removed from Debug\stm8s_tim3.o ***
_TIM3_OC1PreloadConfig              ********   *** removed from Debug\stm8s_tim3.o ***
_TIM3_OC2Init                       ********   *** removed from Debug\stm8s_tim3.o ***
_TIM3_OC2PolarityConfig             ********   *** removed from Debug\stm8s_tim3.o ***
_TIM3_OC2PreloadConfig              ********   *** removed from Debug\stm8s_tim3.o ***
_TIM3_PWMIConfig                    ********   *** removed from Debug\stm8s_tim3.o ***
_TIM3_PrescalerConfig               ********   *** removed from Debug\stm8s_tim3.o ***
_TIM3_SelectOCxM                    ********   *** removed from Debug\stm8s_tim3.o ***
_TIM3_SelectOnePulseMode            ********   *** removed from Debug\stm8s_tim3.o ***
_TIM3_SetAutoreload                 ********   *** removed from Debug\stm8s_tim3.o ***
_TIM3_SetCompare1                   ********   *** removed from Debug\stm8s_tim3.o ***
_TIM3_SetCompare2                   ********   *** removed from Debug\stm8s_tim3.o ***
_TIM3_SetCounter                    ********   *** removed from Debug\stm8s_tim3.o ***
_TIM3_SetIC1Prescaler               ********   *** removed from Debug\stm8s_tim3.o ***
_TIM3_SetIC2Prescaler               ********   *** removed from Debug\stm8s_tim3.o ***
_TIM3_TimeBaseInit                  ********   *** removed from Debug\stm8s_tim3.o ***
_TIM3_UpdateDisableConfig           ********   *** removed from Debug\stm8s_tim3.o ***
_TIM3_UpdateRequestConfig           ********   *** removed from Debug\stm8s_tim3.o ***
_TIM4_ARRPreloadConfig              000095b3   defined in Debug\stm8s_tim4.o section .text
_TIM4_ClearFlag                     00009639   defined in Debug\stm8s_tim4.o section .text
                                               used in Debug\milis.o
_TIM4_ClearITPendingBit             00009695   defined in Debug\stm8s_tim4.o section .text
_TIM4_Cmd                           0000944e   defined in Debug\stm8s_tim4.o section .text
                                               used in Debug\milis.o
_TIM4_DeInit                        000093ee   defined in Debug\stm8s_tim4.o section .text
_TIM4_GenerateEvent                 000095de   defined in Debug\stm8s_tim4.o section .text
_TIM4_GetCounter                    00009605   defined in Debug\stm8s_tim4.o section .text
_TIM4_GetFlagStatus                 0000960d   defined in Debug\stm8s_tim4.o section .text
_TIM4_GetITStatus                   00009659   defined in Debug\stm8s_tim4.o section .text
_TIM4_GetPrescaler                  00009609   defined in Debug\stm8s_tim4.o section .text
_TIM4_ITConfig                      00009479   defined in Debug\stm8s_tim4.o section .text
                                               used in Debug\milis.o
_TIM4_PrescalerConfig               00009549   defined in Debug\stm8s_tim4.o section .text
_TIM4_SelectOnePulseMode            0000951e   defined in Debug\stm8s_tim4.o section .text
_TIM4_SetAutoreload                 00009601   defined in Debug\stm8s_tim4.o section .text
_TIM4_SetCounter                    000095fd   defined in Debug\stm8s_tim4.o section .text
_TIM4_TimeBaseInit                  00009407   defined in Debug\stm8s_tim4.o section .text
                                               used in Debug\milis.o
_TIM4_UpdateDisableConfig           000094c8   defined in Debug\stm8s_tim4.o section .text
_TIM4_UpdateRequestConfig           000094f3   defined in Debug\stm8s_tim4.o section .text
_UART1_ClearFlag                    ********   *** removed from Debug\stm8s_uart1.o ***
_UART1_ClearITPendingBit            ********   *** removed from Debug\stm8s_uart1.o ***
_UART1_Cmd                          ********   *** removed from Debug\stm8s_uart1.o ***
_UART1_DeInit                       ********   *** removed from Debug\stm8s_uart1.o ***
_UART1_GetFlagStatus                ********   *** removed from Debug\stm8s_uart1.o ***
_UART1_GetITStatus                  ********   *** removed from Debug\stm8s_uart1.o ***
_UART1_HalfDuplexCmd                ********   *** removed from Debug\stm8s_uart1.o ***
_UART1_ITConfig                     ********   *** removed from Debug\stm8s_uart1.o ***
_UART1_Init                         ********   *** removed from Debug\stm8s_uart1.o ***
_UART1_IrDACmd                      ********   *** removed from Debug\stm8s_uart1.o ***
_UART1_IrDAConfig                   ********   *** removed from Debug\stm8s_uart1.o ***
_UART1_LINBreakDetectionConfig      ********   *** removed from Debug\stm8s_uart1.o ***
_UART1_LINCmd                       ********   *** removed from Debug\stm8s_uart1.o ***
_UART1_ReceiveData8                 ********   *** removed from Debug\stm8s_uart1.o ***
_UART1_ReceiveData9                 ********   *** removed from Debug\stm8s_uart1.o ***
_UART1_ReceiverWakeUpCmd            ********   *** removed from Debug\stm8s_uart1.o ***
_UART1_SendBreak                    ********   *** removed from Debug\stm8s_uart1.o ***
_UART1_SendData8                    ********   *** removed from Debug\stm8s_uart1.o ***
_UART1_SendData9                    ********   *** removed from Debug\stm8s_uart1.o ***
_UART1_SetAddress                   ********   *** removed from Debug\stm8s_uart1.o ***
_UART1_SetGuardTime                 ********   *** removed from Debug\stm8s_uart1.o ***
_UART1_SetPrescaler                 ********   *** removed from Debug\stm8s_uart1.o ***
_UART1_SmartCardCmd                 ********   *** removed from Debug\stm8s_uart1.o ***
_UART1_SmartCardNACKCmd             ********   *** removed from Debug\stm8s_uart1.o ***
_UART1_WakeUpConfig                 ********   *** removed from Debug\stm8s_uart1.o ***
_UART3_ClearFlag                    ********   *** removed from Debug\stm8s_uart3.o ***
_UART3_ClearITPendingBit            ********   *** removed from Debug\stm8s_uart3.o ***
_UART3_Cmd                          ********   *** removed from Debug\stm8s_uart3.o ***
_UART3_DeInit                       ********   *** removed from Debug\stm8s_uart3.o ***
_UART3_GetFlagStatus                ********   *** removed from Debug\stm8s_uart3.o ***
_UART3_GetITStatus                  ********   *** removed from Debug\stm8s_uart3.o ***
_UART3_ITConfig                     ********   *** removed from Debug\stm8s_uart3.o ***
_UART3_Init                         ********   *** removed from Debug\stm8s_uart3.o ***
_UART3_LINBreakDetectionConfig      ********   *** removed from Debug\stm8s_uart3.o ***
_UART3_LINCmd                       ********   *** removed from Debug\stm8s_uart3.o ***
_UART3_LINConfig                    ********   *** removed from Debug\stm8s_uart3.o ***
_UART3_ReceiveData8                 ********   *** removed from Debug\stm8s_uart3.o ***
_UART3_ReceiveData9                 ********   *** removed from Debug\stm8s_uart3.o ***
_UART3_ReceiverWakeUpCmd            ********   *** removed from Debug\stm8s_uart3.o ***
_UART3_SendBreak                    ********   *** removed from Debug\stm8s_uart3.o ***
_UART3_SendData8                    ********   *** removed from Debug\stm8s_uart3.o ***
_UART3_SendData9                    ********   *** removed from Debug\stm8s_uart3.o ***
_UART3_SetAddress                   ********   *** removed from Debug\stm8s_uart3.o ***
_UART3_WakeUpConfig                 ********   *** removed from Debug\stm8s_uart3.o ***
_WWDG_GetCounter                    ********   *** removed from Debug\stm8s_wwdg.o ***
_WWDG_Init                          ********   *** removed from Debug\stm8s_wwdg.o ***
_WWDG_SWReset                       ********   *** removed from Debug\stm8s_wwdg.o ***
_WWDG_SetCounter                    ********   *** removed from Debug\stm8s_wwdg.o ***
_WWDG_SetWindowValue                ********   *** removed from Debug\stm8s_wwdg.o ***
__DLC                               ********   *** removed from Debug\stm8s_can.o ***
__Data                              ********   *** removed from Debug\stm8s_can.o ***
__FMI                               ********   *** removed from Debug\stm8s_can.o ***
__IDE                               ********   *** removed from Debug\stm8s_can.o ***
__Id                                ********   *** removed from Debug\stm8s_can.o ***
__RTR                               ********   *** removed from Debug\stm8s_can.o ***
__endmem                            000013ff   defined in command file
                                               *** not used ***
__endzp                             00000022   defined in command file section .ubsct
                                               used in C:\Program Files (x86)\COSMIC\FSE_Compilers\CXSTM8\lib\crtsi0.sm8
__idesc__                           000081b7   defined in linker section .init
                                               used in C:\Program Files (x86)\COSMIC\FSE_Compilers\CXSTM8\lib\crtsi0.sm8
__itob                              00009c23   defined in (C:\Program Files (x86)\COSMIC\FSE_Compilers\CXSTM8\lib\libis0.sm8)itob.o section .text
                                               used in (C:\Program Files (x86)\COSMIC\FSE_Compilers\CXSTM8\lib\libis0.sm8)cprint.o
__ltob                              00009c9d   defined in (C:\Program Files (x86)\COSMIC\FSE_Compilers\CXSTM8\lib\libis0.sm8)itob.o section .text
                                               used in (C:\Program Files (x86)\COSMIC\FSE_Compilers\CXSTM8\lib\libis0.sm8)cprint.o
__memory                            00000100   defined in command file section .bss
                                               used in C:\Program Files (x86)\COSMIC\FSE_Compilers\CXSTM8\lib\crtsi0.sm8
__print                             000097c0   defined in (C:\Program Files (x86)\COSMIC\FSE_Compilers\CXSTM8\lib\libis0.sm8)cprint.o section .text
                                               used in (C:\Program Files (x86)\COSMIC\FSE_Compilers\CXSTM8\lib\libis0.sm8)sprnt.o
__stack                             000017ff   defined in command file
                                               used in C:\Program Files (x86)\COSMIC\FSE_Compilers\CXSTM8\lib\crtsi0.sm8
__startmem                          00000100   defined in command file section .bss
                                               *** not used ***
__stext                             000081d7   defined in C:\Program Files (x86)\COSMIC\FSE_Compilers\CXSTM8\lib\crtsi0.sm8 section .text
                                               used in Debug\stm8_interrupt_vector.o
__udiv                              00009d33   defined in (C:\Program Files (x86)\COSMIC\FSE_Compilers\CXSTM8\lib\libis0.sm8)idiv0.o section .text
                                               used in (C:\Program Files (x86)\COSMIC\FSE_Compilers\CXSTM8\lib\libis0.sm8)itob.o
__uldiv                             00009d3e   defined in (C:\Program Files (x86)\COSMIC\FSE_Compilers\CXSTM8\lib\libis0.sm8)ildiv0.o section .text
                                               used in (C:\Program Files (x86)\COSMIC\FSE_Compilers\CXSTM8\lib\libis0.sm8)itob.o
__vectab                            00008000   defined in Debug\stm8_interrupt_vector.o section .const
_assert_failed                      00008410   defined in Debug\main.o section .text
                                               used in Debug\stm8s_adc2.o
                                                       Debug\stm8s_awu.o
                                                       Debug\stm8s_beep.o
                                                       Debug\stm8s_can.o
                                                       Debug\stm8s_clk.o
                                                       Debug\stm8s_exti.o
                                                       Debug\stm8s_flash.o
                                                       Debug\stm8s_gpio.o
                                                       Debug\stm8s_i2c.o
                                                       Debug\stm8s_itc.o
                                                       Debug\stm8s_iwdg.o
                                                       Debug\stm8s_rst.o
                                                       Debug\stm8s_spi.o
                                                       Debug\stm8s_tim1.o
                                                       Debug\stm8s_tim2.o
                                                       Debug\stm8s_tim3.o
                                                       Debug\stm8s_tim4.o
                                                       Debug\stm8s_uart1.o
                                                       Debug\stm8s_uart3.o
                                                       Debug\stm8s_wwdg.o
_attemp                             00000012   defined in Debug\main.o section .bsct, initialized
_click                              00008363   defined in Debug\main.o section .text
_delay_ms                           00008580   defined in Debug\milis.o section .text
_entry                              0000000b   defined in Debug\main.o section .bsct, initialized
_exit                               00008225   defined in C:\Program Files (x86)\COSMIC\FSE_Compilers\CXSTM8\lib\crtsi0.sm8 section .text
_heslo                              00000001   defined in Debug\main.o section .bsct, initialized
_init                               00008230   defined in Debug\main.o section .text
_init_milis                         0000859c   defined in Debug\milis.o section .text
                                               used in Debug\main.o
_keypad_init                        00008412   defined in Debug\keypad.o section .text
                                               used in Debug\main.o
_keypad_scan                        00008460   defined in Debug\keypad.o section .text
                                               used in Debug\main.o
_kontrola                           00008382   defined in Debug\main.o section .text
_lcd_bus_inputs                     0000870a   defined in Debug\stm8_hd44780.o section .text
_lcd_bus_outputs                    000086dd   defined in Debug\stm8_hd44780.o section .text
_lcd_bus_read                       000087ee   defined in Debug\stm8_hd44780.o section .text
_lcd_bus_set                        00008785   defined in Debug\stm8_hd44780.o section .text
_lcd_bus_sleep                      0000893d   defined in Debug\stm8_hd44780.o section .text
_lcd_bus_wakeup                     00008953   defined in Debug\stm8_hd44780.o section .text
_lcd_busy_wait                      00008984   defined in Debug\stm8_hd44780.o section .text
_lcd_command                        00008865   defined in Debug\stm8_hd44780.o section .text
                                               used in Debug\main.o
_lcd_data                           0000888f   defined in Debug\stm8_hd44780.o section .text
                                               used in Debug\main.o
_lcd_deinit_hw                      00008737   defined in Debug\stm8_hd44780.o section .text
_lcd_e_tick                         00008842   defined in Debug\stm8_hd44780.o section .text
_lcd_gotoxy                         0000868a   defined in Debug\stm8_hd44780.o section .text
                                               used in Debug\main.o
_lcd_init                           00008625   defined in Debug\stm8_hd44780.o section .text
                                               used in Debug\main.o
_lcd_init_hw                        000086b9   defined in Debug\stm8_hd44780.o section .text
_lcd_puts                           0000860e   defined in Debug\stm8_hd44780.o section .text
                                               used in Debug\main.o
_lcd_read                           000088b9   defined in Debug\stm8_hd44780.o section .text
_lcd_store_symbol                   000085e5   defined in Debug\stm8_hd44780.o section .text
_main                               00008227   defined in Debug\main.o section .text
                                               used in C:\Program Files (x86)\COSMIC\FSE_Compilers\CXSTM8\lib\crtsi0.sm8
_max_attemps                        00000011   defined in Debug\main.o section .bsct, initialized
_milis                              0000856a   defined in Debug\milis.o section .text
                                               used in Debug\main.o
_miliseconds                        00000016   defined in Debug\milis.o section .bsct, initialized
_pointer                            00000010   defined in Debug\main.o section .bsct, initialized
_process_keypad                     000082c1   defined in Debug\main.o section .text
_putchar                            00009d59   defined in (C:\Program Files (x86)\COSMIC\FSE_Compilers\CXSTM8\lib\libis0.sm8)putchr.o section .text
                                               used in (C:\Program Files (x86)\COSMIC\FSE_Compilers\CXSTM8\lib\libis0.sm8)cprint.o
_security_pass                      00000006   defined in Debug\main.o section .bsct, initialized
_sprintf                            000096b5   defined in (C:\Program Files (x86)\COSMIC\FSE_Compilers\CXSTM8\lib\libis0.sm8)sprnt.o section .text
                                               used in Debug\main.o
_status                             00000000   defined in Debug\main.o section .bsct, initialized
_strlen                             00009d5c   defined in (C:\Program Files (x86)\COSMIC\FSE_Compilers\CXSTM8\lib\libis0.sm8)strlen0.o section .text
                                               used in (C:\Program Files (x86)\COSMIC\FSE_Compilers\CXSTM8\lib\libis0.sm8)cprint.o
_swspi_init                         ********   *** removed from Debug\swspi.o ***
_swspi_tx16                         ********   *** removed from Debug\swspi.o ***
_toupper                            00009d68   defined in (C:\Program Files (x86)\COSMIC\FSE_Compilers\CXSTM8\lib\libis0.sm8)toup0.o section .text
                                               used in (C:\Program Files (x86)\COSMIC\FSE_Compilers\CXSTM8\lib\libis0.sm8)cprint.o
c_bmulx                             00009d73   defined in (C:\Program Files (x86)\COSMIC\FSE_Compilers\CXSTM8\lib\libm0.sm8)bmulx.o section .text
                                               used in (C:\Program Files (x86)\COSMIC\FSE_Compilers\CXSTM8\lib\libis0.sm8)cprint.o
c_cmulx                             ********   *** removed from (C:\Program Files (x86)\COSMIC\FSE_Compilers\CXSTM8\lib\libm0.sm8)cmulx.o ***
c_divsl                             00009d81   defined in (C:\Program Files (x86)\COSMIC\FSE_Compilers\CXSTM8\lib\libm0.sm8)ldiv.o section .text
                                               *** not used ***
c_divul                             00009d98   defined in (C:\Program Files (x86)\COSMIC\FSE_Compilers\CXSTM8\lib\libm0.sm8)ldiv.o section .text
                                               used in (C:\Program Files (x86)\COSMIC\FSE_Compilers\CXSTM8\lib\libis0.sm8)ildiv0.o
                                                       (C:\Program Files (x86)\COSMIC\FSE_Compilers\CXSTM8\lib\libm0.sm8)ludiv.o
c_imul                              ********   *** removed from (C:\Program Files (x86)\COSMIC\FSE_Compilers\CXSTM8\lib\libm0.sm8)imul.o ***
c_ladd                              ********   *** removed from (C:\Program Files (x86)\COSMIC\FSE_Compilers\CXSTM8\lib\libm0.sm8)ladd.o ***
c_lcmp                              ********   *** removed from (C:\Program Files (x86)\COSMIC\FSE_Compilers\CXSTM8\lib\libm0.sm8)lcmp.o ***
c_lgadd                             ********   *** removed from (C:\Program Files (x86)\COSMIC\FSE_Compilers\CXSTM8\lib\libm0.sm8)lgadd.o ***
c_lgneg                             00009e6c   defined in (C:\Program Files (x86)\COSMIC\FSE_Compilers\CXSTM8\lib\libm0.sm8)lgneg.o section .text
                                               used in (C:\Program Files (x86)\COSMIC\FSE_Compilers\CXSTM8\lib\libm0.sm8)ldiv.o
c_lgursh                            ********   *** removed from (C:\Program Files (x86)\COSMIC\FSE_Compilers\CXSTM8\lib\libm0.sm8)lgursh.o ***
c_llsh                              ********   *** removed from (C:\Program Files (x86)\COSMIC\FSE_Compilers\CXSTM8\lib\libm0.sm8)llsh.o ***
c_lmul                              ********   *** removed from (C:\Program Files (x86)\COSMIC\FSE_Compilers\CXSTM8\lib\libm0.sm8)lmul.o ***
c_lmulc                             ********   *** removed from (C:\Program Files (x86)\COSMIC\FSE_Compilers\CXSTM8\lib\libm0.sm8)lmul.o ***
c_lneg                              00009e7f   defined in (C:\Program Files (x86)\COSMIC\FSE_Compilers\CXSTM8\lib\libm0.sm8)lneg.o section .text
                                               used in (C:\Program Files (x86)\COSMIC\FSE_Compilers\CXSTM8\lib\libis0.sm8)itob.o
                                                       (C:\Program Files (x86)\COSMIC\FSE_Compilers\CXSTM8\lib\libm0.sm8)ldiv.o
c_lor                               ********   *** removed from (C:\Program Files (x86)\COSMIC\FSE_Compilers\CXSTM8\lib\libm0.sm8)lor.o ***
c_lreg                              00000018   defined in (C:\Program Files (x86)\COSMIC\FSE_Compilers\CXSTM8\lib\libm0.sm8)lreg.o section .ubsct
                                               used in Debug\stm8s_awu.o
                                                       Debug\stm8s_beep.o
                                                       Debug\stm8s_can.o
                                                       Debug\stm8s_clk.o
                                                       Debug\stm8s_flash.o
                                                       Debug\stm8s_i2c.o
                                                       Debug\stm8s_uart1.o
                                                       Debug\stm8s_uart3.o
                                                       (C:\Program Files (x86)\COSMIC\FSE_Compilers\CXSTM8\lib\libis0.sm8)cprint.o
                                                       (C:\Program Files (x86)\COSMIC\FSE_Compilers\CXSTM8\lib\libm0.sm8)cmulx.o
                                                       (C:\Program Files (x86)\COSMIC\FSE_Compilers\CXSTM8\lib\libm0.sm8)ldiv.o
                                                       (C:\Program Files (x86)\COSMIC\FSE_Compilers\CXSTM8\lib\libm0.sm8)ladd.o
                                                       (C:\Program Files (x86)\COSMIC\FSE_Compilers\CXSTM8\lib\libm0.sm8)lcmp.o
                                                       (C:\Program Files (x86)\COSMIC\FSE_Compilers\CXSTM8\lib\libm0.sm8)lgadd.o
                                                       (C:\Program Files (x86)\COSMIC\FSE_Compilers\CXSTM8\lib\libm0.sm8)llsh.o
                                                       (C:\Program Files (x86)\COSMIC\FSE_Compilers\CXSTM8\lib\libm0.sm8)lmul.o
                                                       (C:\Program Files (x86)\COSMIC\FSE_Compilers\CXSTM8\lib\libm0.sm8)lneg.o
                                                       (C:\Program Files (x86)\COSMIC\FSE_Compilers\CXSTM8\lib\libm0.sm8)lor.o
                                                       (C:\Program Files (x86)\COSMIC\FSE_Compilers\CXSTM8\lib\libm0.sm8)lsub.o
                                                       (C:\Program Files (x86)\COSMIC\FSE_Compilers\CXSTM8\lib\libm0.sm8)ltor.o
                                                       (C:\Program Files (x86)\COSMIC\FSE_Compilers\CXSTM8\lib\libm0.sm8)lursh.o
                                                       (C:\Program Files (x86)\COSMIC\FSE_Compilers\CXSTM8\lib\libm0.sm8)rtol.o
                                                       (C:\Program Files (x86)\COSMIC\FSE_Compilers\CXSTM8\lib\libm0.sm8)smul.o
                                                       (C:\Program Files (x86)\COSMIC\FSE_Compilers\CXSTM8\lib\libm0.sm8)utol.o
                                                       (C:\Program Files (x86)\COSMIC\FSE_Compilers\CXSTM8\lib\libm0.sm8)utolx.o
                                                       (C:\Program Files (x86)\COSMIC\FSE_Compilers\CXSTM8\lib\libm0.sm8)umul.o
c_lsub                              ********   *** removed from (C:\Program Files (x86)\COSMIC\FSE_Compilers\CXSTM8\lib\libm0.sm8)lsub.o ***
c_ltor                              00009e94   defined in (C:\Program Files (x86)\COSMIC\FSE_Compilers\CXSTM8\lib\libm0.sm8)ltor.o section .text
                                               used in Debug\stm8s_awu.o
                                                       Debug\stm8s_beep.o
                                                       Debug\stm8s_can.o
                                                       Debug\stm8s_clk.o
                                                       Debug\stm8s_flash.o
                                                       Debug\stm8s_i2c.o
                                                       Debug\stm8s_uart1.o
                                                       Debug\stm8s_uart3.o
                                                       (C:\Program Files (x86)\COSMIC\FSE_Compilers\CXSTM8\lib\libis0.sm8)itob.o
                                                       (C:\Program Files (x86)\COSMIC\FSE_Compilers\CXSTM8\lib\libis0.sm8)ildiv0.o
c_ludv                              00009ea6   defined in (C:\Program Files (x86)\COSMIC\FSE_Compilers\CXSTM8\lib\libm0.sm8)ludiv.o section .text
                                               used in Debug\stm8s_awu.o
                                                       Debug\stm8s_beep.o
                                                       Debug\stm8s_clk.o
                                                       Debug\stm8s_i2c.o
                                                       Debug\stm8s_uart1.o
                                                       Debug\stm8s_uart3.o
c_lursh                             ********   *** removed from (C:\Program Files (x86)\COSMIC\FSE_Compilers\CXSTM8\lib\libm0.sm8)lursh.o ***
c_lzmp                              00009eba   defined in (C:\Program Files (x86)\COSMIC\FSE_Compilers\CXSTM8\lib\libm0.sm8)lzmp.o section .text
                                               used in Debug\stm8s_i2c.o
                                                       (C:\Program Files (x86)\COSMIC\FSE_Compilers\CXSTM8\lib\libis0.sm8)itob.o
c_rtol                              00009ecd   defined in (C:\Program Files (x86)\COSMIC\FSE_Compilers\CXSTM8\lib\libm0.sm8)rtol.o section .text
                                               used in Debug\stm8s_can.o
                                                       Debug\stm8s_clk.o
                                                       Debug\stm8s_flash.o
                                                       Debug\stm8s_i2c.o
                                                       Debug\stm8s_uart1.o
                                                       Debug\stm8s_uart3.o
                                                       (C:\Program Files (x86)\COSMIC\FSE_Compilers\CXSTM8\lib\libis0.sm8)cprint.o
                                                       (C:\Program Files (x86)\COSMIC\FSE_Compilers\CXSTM8\lib\libis0.sm8)itob.o
                                                       (C:\Program Files (x86)\COSMIC\FSE_Compilers\CXSTM8\lib\libis0.sm8)ildiv0.o
c_sdivx                             00009ee5   defined in (C:\Program Files (x86)\COSMIC\FSE_Compilers\CXSTM8\lib\libm0.sm8)sdivx.o section .text
                                               used in Debug\main.o
                                                       Debug\stm8s_i2c.o
c_smodx                             00009edf   defined in (C:\Program Files (x86)\COSMIC\FSE_Compilers\CXSTM8\lib\libm0.sm8)sdivx.o section .text
                                               *** not used ***
c_smul                              ********   *** removed from (C:\Program Files (x86)\COSMIC\FSE_Compilers\CXSTM8\lib\libm0.sm8)smul.o ***
c_uitol                             ********   *** removed from (C:\Program Files (x86)\COSMIC\FSE_Compilers\CXSTM8\lib\libm0.sm8)utol.o ***
c_uitolx                            ********   *** removed from (C:\Program Files (x86)\COSMIC\FSE_Compilers\CXSTM8\lib\libm0.sm8)utolx.o ***
c_umul                              ********   *** removed from (C:\Program Files (x86)\COSMIC\FSE_Compilers\CXSTM8\lib\libm0.sm8)umul.o ***
c_x                                 0000001c   defined in (C:\Program Files (x86)\COSMIC\FSE_Compilers\CXSTM8\lib\libm0.sm8)xreg.o section .ubsct
                                               used in C:\Program Files (x86)\COSMIC\FSE_Compilers\CXSTM8\lib\crtsi0.sm8
                                                       Debug\milis.o
                                                       Debug\stm8s_awu.o
                                                       Debug\stm8s_beep.o
                                                       Debug\stm8s_flash.o
                                                       (C:\Program Files (x86)\COSMIC\FSE_Compilers\CXSTM8\lib\libis0.sm8)strlen0.o
                                                       (C:\Program Files (x86)\COSMIC\FSE_Compilers\CXSTM8\lib\libm0.sm8)bmulx.o
                                                       (C:\Program Files (x86)\COSMIC\FSE_Compilers\CXSTM8\lib\libm0.sm8)ldiv.o
                                                       (C:\Program Files (x86)\COSMIC\FSE_Compilers\CXSTM8\lib\libm0.sm8)imul.o
                                                       (C:\Program Files (x86)\COSMIC\FSE_Compilers\CXSTM8\lib\libm0.sm8)lmul.o
                                                       (C:\Program Files (x86)\COSMIC\FSE_Compilers\CXSTM8\lib\libm0.sm8)sdivx.o
                                                       (C:\Program Files (x86)\COSMIC\FSE_Compilers\CXSTM8\lib\libm0.sm8)umul.o
c_y                                 0000001f   defined in (C:\Program Files (x86)\COSMIC\FSE_Compilers\CXSTM8\lib\libm0.sm8)yreg.o section .ubsct
                                               used in C:\Program Files (x86)\COSMIC\FSE_Compilers\CXSTM8\lib\crtsi0.sm8
                                                       Debug\milis.o
                                                       (C:\Program Files (x86)\COSMIC\FSE_Compilers\CXSTM8\lib\libm0.sm8)umul.o
f_ADC2_IRQHandler                   00009223   defined in Debug\stm8s_it.o section .text
                                               used in Debug\stm8_interrupt_vector.o
f_AWU_IRQHandler                    0000920e   defined in Debug\stm8s_it.o section .text
                                               used in Debug\stm8_interrupt_vector.o
f_CAN_RX_IRQHandler                 00009215   defined in Debug\stm8s_it.o section .text
                                               used in Debug\stm8_interrupt_vector.o
f_CAN_TX_IRQHandler                 00009216   defined in Debug\stm8s_it.o section .text
                                               used in Debug\stm8_interrupt_vector.o
f_CLK_IRQHandler                    0000920f   defined in Debug\stm8s_it.o section .text
                                               used in Debug\stm8_interrupt_vector.o
f_EEPROM_EEC_IRQHandler             00009224   defined in Debug\stm8s_it.o section .text
                                               used in Debug\stm8_interrupt_vector.o
f_EXTI_PORTA_IRQHandler             00009210   defined in Debug\stm8s_it.o section .text
                                               used in Debug\stm8_interrupt_vector.o
f_EXTI_PORTB_IRQHandler             00009211   defined in Debug\stm8s_it.o section .text
                                               used in Debug\stm8_interrupt_vector.o
f_EXTI_PORTC_IRQHandler             00009212   defined in Debug\stm8s_it.o section .text
                                               used in Debug\stm8_interrupt_vector.o
f_EXTI_PORTD_IRQHandler             00009213   defined in Debug\stm8s_it.o section .text
                                               used in Debug\stm8_interrupt_vector.o
f_EXTI_PORTE_IRQHandler             00009214   defined in Debug\stm8s_it.o section .text
                                               used in Debug\stm8_interrupt_vector.o
f_I2C_IRQHandler                    00009220   defined in Debug\stm8s_it.o section .text
                                               used in Debug\stm8_interrupt_vector.o
f_NonHandledInterrupt               0000920b   defined in Debug\stm8s_it.o section .text
                                               used in Debug\stm8_interrupt_vector.o
f_SPI_IRQHandler                    00009217   defined in Debug\stm8s_it.o section .text
                                               used in Debug\stm8_interrupt_vector.o
f_TIM1_CAP_COM_IRQHandler           00009219   defined in Debug\stm8s_it.o section .text
                                               used in Debug\stm8_interrupt_vector.o
f_TIM1_UPD_OVF_TRG_BRK_IRQHandler   00009218   defined in Debug\stm8s_it.o section .text
                                               used in Debug\stm8_interrupt_vector.o
f_TIM2_CAP_COM_IRQHandler           0000921b   defined in Debug\stm8s_it.o section .text
                                               used in Debug\stm8_interrupt_vector.o
f_TIM2_UPD_OVF_BRK_IRQHandler       0000921a   defined in Debug\stm8s_it.o section .text
                                               used in Debug\stm8_interrupt_vector.o
f_TIM3_CAP_COM_IRQHandler           0000921d   defined in Debug\stm8s_it.o section .text
                                               used in Debug\stm8_interrupt_vector.o
f_TIM3_UPD_OVF_BRK_IRQHandler       0000921c   defined in Debug\stm8s_it.o section .text
                                               used in Debug\stm8_interrupt_vector.o
f_TIM4_UPD_OVF_IRQHandler           000085ba   defined in Debug\milis.o section .text
                                               used in Debug\stm8_interrupt_vector.o
f_TLI_IRQHandler                    0000920d   defined in Debug\stm8s_it.o section .text
                                               used in Debug\stm8_interrupt_vector.o
f_TRAP_IRQHandler                   0000920c   defined in Debug\stm8s_it.o section .text
                                               used in Debug\stm8_interrupt_vector.o
f_UART1_RX_IRQHandler               0000921f   defined in Debug\stm8s_it.o section .text
                                               used in Debug\stm8_interrupt_vector.o
f_UART1_TX_IRQHandler               0000921e   defined in Debug\stm8s_it.o section .text
                                               used in Debug\stm8_interrupt_vector.o
f_UART3_RX_IRQHandler               00009222   defined in Debug\stm8s_it.o section .text
                                               used in Debug\stm8_interrupt_vector.o
f_UART3_TX_IRQHandler               00009221   defined in Debug\stm8s_it.o section .text
                                               used in Debug\stm8_interrupt_vector.o
