
Map of Debug\projekt_ii.sm8 from link file Debug\projekt_ii.lkf - Sat Jan 22 14:20:18 2022


                               --------
                               Segments
                               --------

start 00008080 end 0000814a length   202 segment .const
start 00008157 end 00009694 length  5437 segment .text
start 00004000 end 00004000 length     0 segment .eeprom
start 00000000 end 00000005 length     5 segment .bsct, initialized
start 00008152 end 00008157 length     5 segment .bsct, from
start 00000005 end 0000000f length    10 segment .ubsct
start 0000000f end 0000000f length     0 segment .bit
start 0000000f end 0000000f length     0 segment .share
start 00000100 end 00000100 length     0 segment .data
start 00000100 end 00000100 length     0 segment .bss
start 00000000 end 000013e9 length  5097 segment .info.
start 00000000 end 00017386 length 95110 segment .debug
start 00008000 end 00008080 length   128 segment .const
start 0000814a end 00008152 length     8 segment .init


                               -------
                               Modules
                               -------

C:\Program Files (x86)\COSMIC\FSE_Compilers\CXSTM8\lib\crtsi0.sm8:
start 00008157 end 000081a7 length    80 section .text
start 00000100 end 00000100 length     0 section .bss
start 00000005 end 00000005 length     0 section .ubsct
start 00000000 end 00000034 length    52 section .info.

Debug\main.o:
start 000081a7 end 000082a6 length   255 section .text
start 00000000 end 00000003 length     3 section .bsct
start 00000000 end 00000204 length   516 section .debug
start 00000034 end 000000b0 length   124 section .info.
start 00008080 end 00008098 length    24 section .const

Debug\keypad.o:
start 000082a6 end 000083fe length   344 section .text
start 00000204 end 00000315 length   273 section .debug
start 000000b0 end 0000012e length   126 section .info.

Debug\milis.o:
start 000083fe end 00008479 length   123 section .text
start 00000003 end 00000005 length     2 section .bsct
start 00000315 end 00000503 length   494 section .debug
start 0000012e end 000001ab length   125 section .info.

Debug\spse_stm8.o:
start ******** end ******** length     0 section .text *** removed ***
start 00000503 end 00000975 length  1138 section .debug
start 000001ab end 0000022c length   129 section .info.

Debug\stm8_hd44780.o:
start 00008479 end 0000883d length   964 section .text
start 00000975 end 00000f8c length  1559 section .debug
start 0000022c end 000002b0 length   132 section .info.

Debug\stm8_spse_i2c.o:
start ******** end ******** length     0 section .text *** removed ***
start 00000f8c end 00001263 length   727 section .debug
start 000002b0 end 00000335 length   133 section .info.

Debug\stm8s_adc2.o:
start ******** end ******** length     0 section .text *** removed ***
start 00001263 end 00002180 length  3869 section .debug
start 00000335 end 000003b7 length   130 section .info.
start ******** end ******** length     0 section .const *** removed ***

Debug\stm8s_awu.o:
start ******** end ******** length     0 section .text *** removed ***
start 00002180 end 0000273f length  1471 section .debug
start 000003b7 end 00000438 length   129 section .info.
start ******** end ******** length     0 section .const *** removed ***

Debug\stm8s_beep.o:
start ******** end ******** length     0 section .text *** removed ***
start 0000273f end 00002a1a length   731 section .debug
start 00000438 end 000004ba length   130 section .info.
start ******** end ******** length     0 section .const *** removed ***

Debug\stm8s_can.o:
start ******** end ******** length     0 section .text *** removed ***
start ******** end ******** length     0 section .bsct *** removed ***
start 00002a1a end 0000516f length 10069 section .debug
start 000004ba end 0000053b length   129 section .info.
start ******** end ******** length     0 section .const *** removed ***

Debug\stm8s_clk.o:
start 0000883d end 00008f43 length  1798 section .text
start 0000516f end 000067de length  5743 section .debug
start 0000053b end 000005bc length   129 section .info.
start 00008098 end 000080b4 length    28 section .const

Debug\stm8s_exti.o:
start ******** end ******** length     0 section .text *** removed ***
start 000067de end 00006c6d length  1167 section .debug
start 000005bc end 0000063e length   130 section .info.
start ******** end ******** length     0 section .const *** removed ***

Debug\stm8s_flash.o:
start ******** end ******** length     0 section .text *** removed ***
start 00006c6d end 00007a9d length  3632 section .debug
start 0000063e end 000006c1 length   131 section .info.
start ******** end ******** length     0 section .const *** removed ***

Debug\stm8s_gpio.o:
start 00008f43 end 0000909f length   348 section .text
start 00007a9d end 000084a7 length  2570 section .debug
start 000006c1 end 00000743 length   130 section .info.
start 000080b4 end 000080c5 length    17 section .const

Debug\stm8s_i2c.o:
start ******** end ******** length     0 section .text *** removed ***
start 000084a7 end 00009a48 length  5537 section .debug
start 00000743 end 000007c4 length   129 section .info.
start ******** end ******** length     0 section .const *** removed ***

Debug\stm8s_it.o:
start 0000909f end 000090b9 length    26 section .text
start 00009a48 end 0000a1d5 length  1933 section .debug
start 000007c4 end 00000844 length   128 section .info.

Debug\stm8s_itc.o:
start 000090b9 end 00009282 length   457 section .text
start 0000a1d5 end 0000a85c length  1671 section .debug
start 00000844 end 000008c5 length   129 section .info.
start 000080c5 end 00008139 length   116 section .const

Debug\stm8s_iwdg.o:
start ******** end ******** length     0 section .text *** removed ***
start 0000a85c end 0000abfe length   930 section .debug
start 000008c5 end 00000947 length   130 section .info.
start ******** end ******** length     0 section .const *** removed ***

Debug\stm8s_rst.o:
start ******** end ******** length     0 section .text *** removed ***
start 0000abfe end 0000ae2d length   559 section .debug
start 00000947 end 000009c8 length   129 section .info.
start ******** end ******** length     0 section .const *** removed ***

Debug\stm8s_spi.o:
start ******** end ******** length     0 section .text *** removed ***
start 0000ae2d end 0000bd69 length  3900 section .debug
start 000009c8 end 00000a49 length   129 section .info.
start ******** end ******** length     0 section .const *** removed ***

Debug\stm8s_tim1.o:
start ******** end ******** length     0 section .text *** removed ***
start 0000bd69 end 0000fcf3 length 16266 section .debug
start 00000a49 end 00000acb length   130 section .info.
start ******** end ******** length     0 section .const *** removed ***

Debug\stm8s_tim2.o:
start ******** end ******** length     0 section .text *** removed ***
start 0000fcf3 end 00012007 length  8980 section .debug
start 00000acb end 00000b4d length   130 section .info.
start ******** end ******** length     0 section .const *** removed ***

Debug\stm8s_tim3.o:
start ******** end ******** length     0 section .text *** removed ***
start 00012007 end 00013e21 length  7706 section .debug
start 00000b4d end 00000bcf length   130 section .info.
start ******** end ******** length     0 section .const *** removed ***

Debug\stm8s_tim4.o:
start 00009282 end 00009549 length   711 section .text
start 00013e21 end 000149d8 length  2999 section .debug
start 00000bcf end 00000c51 length   130 section .info.
start 00008139 end 0000814a length    17 section .const

Debug\stm8s_uart1.o:
start ******** end ******** length     0 section .text *** removed ***
start 000149d8 end 00015dc4 length  5100 section .debug
start 00000c51 end 00000cd4 length   131 section .info.
start ******** end ******** length     0 section .const *** removed ***

Debug\stm8s_uart3.o:
start ******** end ******** length     0 section .text *** removed ***
start 00015dc4 end 00016ef0 length  4396 section .debug
start 00000cd4 end 00000d57 length   131 section .info.
start ******** end ******** length     0 section .const *** removed ***

Debug\stm8s_wwdg.o:
start ******** end ******** length     0 section .text *** removed ***
start 00016ef0 end 00017136 length   582 section .debug
start 00000d57 end 00000dd9 length   130 section .info.
start ******** end ******** length     0 section .const *** removed ***

Debug\swspi.o:
start ******** end ******** length     0 section .text *** removed ***
start 00017136 end 00017260 length   298 section .debug
start 00000dd9 end 00000e56 length   125 section .info.

(C:\Program Files (x86)\COSMIC\FSE_Compilers\CXSTM8\lib\libm0.sm8)cmulx.o:
start ******** end ******** length     0 section .text *** removed ***
start 00000e56 end 00000e86 length    48 section .info.

(C:\Program Files (x86)\COSMIC\FSE_Compilers\CXSTM8\lib\libm0.sm8)imul.o:
start ******** end ******** length     0 section .text *** removed ***
start 00000e86 end 00000eb5 length    47 section .info.

(C:\Program Files (x86)\COSMIC\FSE_Compilers\CXSTM8\lib\libm0.sm8)ladd.o:
start ******** end ******** length     0 section .text *** removed ***
start 00000eb5 end 00000ee4 length    47 section .info.

(C:\Program Files (x86)\COSMIC\FSE_Compilers\CXSTM8\lib\libm0.sm8)lcmp.o:
start ******** end ******** length     0 section .text *** removed ***
start 00000ee4 end 00000f13 length    47 section .info.

(C:\Program Files (x86)\COSMIC\FSE_Compilers\CXSTM8\lib\libm0.sm8)lgadd.o:
start ******** end ******** length     0 section .text *** removed ***
start 00000f13 end 00000f43 length    48 section .info.

(C:\Program Files (x86)\COSMIC\FSE_Compilers\CXSTM8\lib\libm0.sm8)lgursh.o:
start ******** end ******** length     0 section .text *** removed ***
start 00000f43 end 00000f74 length    49 section .info.

(C:\Program Files (x86)\COSMIC\FSE_Compilers\CXSTM8\lib\libm0.sm8)llsh.o:
start ******** end ******** length     0 section .text *** removed ***
start 00000f74 end 00000fa3 length    47 section .info.

(C:\Program Files (x86)\COSMIC\FSE_Compilers\CXSTM8\lib\libm0.sm8)lmul.o:
start ******** end ******** length     0 section .text *** removed ***
start 00000fa3 end 00000fd2 length    47 section .info.

(C:\Program Files (x86)\COSMIC\FSE_Compilers\CXSTM8\lib\libm0.sm8)lor.o:
start ******** end ******** length     0 section .text *** removed ***
start 00000fd2 end 00001000 length    46 section .info.

(C:\Program Files (x86)\COSMIC\FSE_Compilers\CXSTM8\lib\libm0.sm8)lreg.o:
start 00000005 end 00000009 length     4 section .ubsct
start 00001000 end 0000102f length    47 section .info.

(C:\Program Files (x86)\COSMIC\FSE_Compilers\CXSTM8\lib\libm0.sm8)lsub.o:
start ******** end ******** length     0 section .text *** removed ***
start 0000102f end 0000105e length    47 section .info.

(C:\Program Files (x86)\COSMIC\FSE_Compilers\CXSTM8\lib\libm0.sm8)ltor.o:
start 00009549 end 0000955b length    18 section .text
start 0000105e end 0000108d length    47 section .info.

(C:\Program Files (x86)\COSMIC\FSE_Compilers\CXSTM8\lib\libm0.sm8)ludiv.o:
start 0000955b end 0000956f length    20 section .text
start 0000108d end 000010bd length    48 section .info.

(C:\Program Files (x86)\COSMIC\FSE_Compilers\CXSTM8\lib\libm0.sm8)ldiv.o:
start 0000956f end 0000965a length   235 section .text
start 000010bd end 000010ec length    47 section .info.

(C:\Program Files (x86)\COSMIC\FSE_Compilers\CXSTM8\lib\libm0.sm8)lgneg.o:
start 0000965a end 0000966d length    19 section .text
start 000010ec end 0000111c length    48 section .info.

(C:\Program Files (x86)\COSMIC\FSE_Compilers\CXSTM8\lib\libm0.sm8)lneg.o:
start 0000966d end 00009682 length    21 section .text
start 0000111c end 0000114b length    47 section .info.

(C:\Program Files (x86)\COSMIC\FSE_Compilers\CXSTM8\lib\libm0.sm8)lursh.o:
start ******** end ******** length     0 section .text *** removed ***
start 0000114b end 0000117b length    48 section .info.

(C:\Program Files (x86)\COSMIC\FSE_Compilers\CXSTM8\lib\libm0.sm8)lzmp.o:
start ******** end ******** length     0 section .text *** removed ***
start 0000117b end 000011aa length    47 section .info.

(C:\Program Files (x86)\COSMIC\FSE_Compilers\CXSTM8\lib\libm0.sm8)rtol.o:
start 00009682 end 00009694 length    18 section .text
start 000011aa end 000011d9 length    47 section .info.

(C:\Program Files (x86)\COSMIC\FSE_Compilers\CXSTM8\lib\libm0.sm8)sdivx.o:
start ******** end ******** length     0 section .text *** removed ***
start 000011d9 end 00001209 length    48 section .info.

(C:\Program Files (x86)\COSMIC\FSE_Compilers\CXSTM8\lib\libm0.sm8)smul.o:
start ******** end ******** length     0 section .text *** removed ***
start 00001209 end 00001238 length    47 section .info.

(C:\Program Files (x86)\COSMIC\FSE_Compilers\CXSTM8\lib\libm0.sm8)utol.o:
start ******** end ******** length     0 section .text *** removed ***
start 00001238 end 00001267 length    47 section .info.

(C:\Program Files (x86)\COSMIC\FSE_Compilers\CXSTM8\lib\libm0.sm8)utolx.o:
start ******** end ******** length     0 section .text *** removed ***
start 00001267 end 00001297 length    48 section .info.

(C:\Program Files (x86)\COSMIC\FSE_Compilers\CXSTM8\lib\libm0.sm8)umul.o:
start ******** end ******** length     0 section .text *** removed ***
start 00001297 end 000012c6 length    47 section .info.

(C:\Program Files (x86)\COSMIC\FSE_Compilers\CXSTM8\lib\libm0.sm8)xreg.o:
start 00000009 end 0000000c length     3 section .ubsct
start 000012c6 end 000012f5 length    47 section .info.

(C:\Program Files (x86)\COSMIC\FSE_Compilers\CXSTM8\lib\libm0.sm8)yreg.o:
start 0000000c end 0000000f length     3 section .ubsct
start 000012f5 end 00001324 length    47 section .info.

Debug\stm8_interrupt_vector.o:
start 00017260 end 00017386 length   294 section .debug
start 00001324 end 000013b1 length   141 section .info.
start 00008000 end 00008080 length   128 section .const


                             -----------
                             Stack usage
                             -----------

Debug\keypad.o:
_keypad_init                           14   (2)
_keypad_scan                            8   (3)

Debug\main.o:
_assert_failed                          6   (6)
_init                                  28   (2)
_main                              >   35   (2)
_process_keypad                        33   (4)

Debug\milis.o:
_delay_ms                          >   20   (6)
_init_milis                            14   (2)
_milis                                 14   (4)
f_TIM4_UPD_OVF_IRQHandler          >   21   (12)

Debug\stm8_hd44780.o:
_lcd_bus_inputs                        14   (2)
_lcd_bus_outputs                       14   (2)
_lcd_bus_read                           8   (3)
_lcd_bus_set                            8   (3)
_lcd_bus_sleep                     >   16   (2)
_lcd_bus_wakeup                    >   16   (2)
_lcd_busy_wait                         21   (4)
_lcd_command                           24   (3)
_lcd_data                              24   (3)
_lcd_deinit_hw                     >   14   (2)
_lcd_e_tick                             7   (2)
_lcd_gotoxy                            29   (5)
_lcd_init                              26   (2)
_lcd_init_hw                           16   (2)
_lcd_puts                          >   28   (4)
_lcd_read                              17   (3)
_lcd_store_symbol                  >   30   (6)

Debug\stm8s_clk.o:
_CLK_AdjustHSICalibrationValue     >    9   (3)
_CLK_CCOCmd                        >    9   (3)
_CLK_CCOConfig                     >    9   (3)
_CLK_ClearITPendingBit             >    9   (3)
_CLK_ClockSecuritySystemEnable     >    2   (2)
_CLK_ClockSwitchCmd                >    9   (3)
_CLK_ClockSwitchConfig             >   16   (10)
_CLK_DeInit                        >    2   (2)
_CLK_FastHaltWakeUpCmd             >    9   (3)
_CLK_GetClockFreq                  >   25   (11)
_CLK_GetFlagStatus                 >   13   (7)
_CLK_GetITStatus                   >   10   (4)
_CLK_GetSYSCLKSource               >    2   (2)
_CLK_HSECmd                        >    9   (3)
_CLK_HSICmd                        >    9   (3)
_CLK_HSIPrescalerConfig                 9   (3)
_CLK_ITConfig                      >   10   (4)
_CLK_LSICmd                        >    9   (3)
_CLK_PeripheralClockConfig         >   10   (4)
_CLK_SWIMConfig                    >    9   (3)
_CLK_SYSCLKConfig                  >    9   (3)
_CLK_SYSCLKEmergencyClear          >    2   (2)
_CLK_SlowActiveHaltWakeUpCmd       >    9   (3)

Debug\stm8s_gpio.o:
_GPIO_DeInit                       >    2   (2)
_GPIO_ExternalPullUpConfig         >   12   (6)
_GPIO_Init                             12   (6)
_GPIO_ReadInputData                >    2   (2)
_GPIO_ReadInputPin                      5   (5)
_GPIO_ReadOutputData               >    2   (2)
_GPIO_Write                        >    5   (5)
_GPIO_WriteHigh                         5   (5)
_GPIO_WriteLow                          5   (5)
_GPIO_WriteReverse                      5   (5)

Debug\stm8s_it.o:
f_ADC2_IRQHandler                  >    6   (6)
f_AWU_IRQHandler                   >    6   (6)
f_CAN_RX_IRQHandler                >    6   (6)
f_CAN_TX_IRQHandler                >    6   (6)
f_CLK_IRQHandler                   >    6   (6)
f_EEPROM_EEC_IRQHandler            >    6   (6)
f_EXTI_PORTA_IRQHandler            >    6   (6)
f_EXTI_PORTB_IRQHandler            >    6   (6)
f_EXTI_PORTC_IRQHandler            >    6   (6)
f_EXTI_PORTD_IRQHandler            >    6   (6)
f_EXTI_PORTE_IRQHandler            >    6   (6)
f_I2C_IRQHandler                   >    6   (6)
f_NonHandledInterrupt              >    6   (6)
f_SPI_IRQHandler                   >    6   (6)
f_TIM1_CAP_COM_IRQHandler          >    6   (6)
f_TIM1_UPD_OVF_TRG_BRK_IRQHandler  >    6   (6)
f_TIM2_CAP_COM_IRQHandler          >    6   (6)
f_TIM2_UPD_OVF_BRK_IRQHandler      >    6   (6)
f_TIM3_CAP_COM_IRQHandler          >    6   (6)
f_TIM3_UPD_OVF_BRK_IRQHandler      >    6   (6)
f_TLI_IRQHandler                   >    6   (6)
f_TRAP_IRQHandler                  >    6   (6)
f_UART1_RX_IRQHandler              >    6   (6)
f_UART1_TX_IRQHandler              >    6   (6)
f_UART3_RX_IRQHandler              >    6   (6)
f_UART3_TX_IRQHandler              >    6   (6)

Debug\stm8s_itc.o:
_ITC_DeInit                        >    2   (2)
_ITC_GetCPUCC                           2   (2)
_ITC_GetSoftIntStatus                   4   (2)
_ITC_GetSoftwarePriority           >   11   (5)
_ITC_SetSoftwarePriority               12   (6)

Debug\stm8s_tim4.o:
_TIM4_ARRPreloadConfig             >    9   (3)
_TIM4_ClearFlag                         9   (3)
_TIM4_ClearITPendingBit            >    9   (3)
_TIM4_Cmd                               9   (3)
_TIM4_DeInit                       >    2   (2)
_TIM4_GenerateEvent                >    9   (3)
_TIM4_GetCounter                   >    2   (2)
_TIM4_GetFlagStatus                >   10   (4)
_TIM4_GetITStatus                  >   11   (5)
_TIM4_GetPrescaler                 >    2   (2)
_TIM4_ITConfig                         10   (4)
_TIM4_PrescalerConfig              >   10   (4)
_TIM4_SelectOnePulseMode           >    9   (3)
_TIM4_SetAutoreload                >    2   (2)
_TIM4_SetCounter                   >    2   (2)
_TIM4_TimeBaseInit                     10   (4)
_TIM4_UpdateDisableConfig          >    9   (3)
_TIM4_UpdateRequestConfig          >    9   (3)

Stack size: 56


                              ---------
                              Call tree
                              ---------
   1 > _CLK_AdjustHSICalibrationValue: (3)
   2      + _assert_failed: (6)
       
   3 > _CLK_CCOCmd: (3)
   4      + _assert_failed --> 2
       
   5 > _CLK_CCOConfig: (3)
   6      + _assert_failed --> 2
       
   7 > _CLK_ClearITPendingBit: (3)
   8      + _assert_failed --> 2
       
   9 > _CLK_ClockSecuritySystemEnable: (2)

  10 > _CLK_ClockSwitchCmd: (3)
  11      + _assert_failed --> 2
       
  12 > _CLK_ClockSwitchConfig: (10)
  13      + _assert_failed --> 2
       
  14 > _CLK_DeInit: (2)

  15 > _CLK_FastHaltWakeUpCmd: (3)
  16      + _assert_failed --> 2
       
  17 > _CLK_GetClockFreq: (11)

  18 > _CLK_GetFlagStatus: (7)
  19      + _assert_failed --> 2
       
  20 > _CLK_GetITStatus: (4)
  21      + _assert_failed --> 2
       
  22 > _CLK_GetSYSCLKSource: (2)

  23 > _CLK_HSECmd: (3)
  24      + _assert_failed --> 2
       
  25 > _CLK_HSICmd: (3)
  26      + _assert_failed --> 2
       
  27 > _CLK_ITConfig: (4)
  28      + _assert_failed --> 2
       
  29 > _CLK_LSICmd: (3)
  30      + _assert_failed --> 2
       
  31 > _CLK_PeripheralClockConfig: (4)
  32      + _assert_failed --> 2
       
  33 > _CLK_SWIMConfig: (3)
  34      + _assert_failed --> 2
       
  35 > _CLK_SYSCLKConfig: (3)
  36      + _assert_failed --> 2
       
  37 > _CLK_SYSCLKEmergencyClear: (2)

  38 > _CLK_SlowActiveHaltWakeUpCmd: (3)
  39      + _assert_failed --> 2
       
  40 > _GPIO_DeInit: (2)

  41 > _GPIO_ExternalPullUpConfig: (6)
  42      + _assert_failed --> 2
       
  43 > _GPIO_ReadInputData: (2)

  44 > _GPIO_ReadOutputData: (2)

  45 > _GPIO_Write: (5)

  46 > _ITC_DeInit: (2)

  47 > _ITC_GetSoftwarePriority: (5)
  48      + _assert_failed --> 2
       
  49 > _TIM4_ARRPreloadConfig: (3)
  50      + _assert_failed --> 2
       
  51 > _TIM4_ClearITPendingBit: (3)
  52      + _assert_failed --> 2
       
  53 > _TIM4_DeInit: (2)

  54 > _TIM4_GenerateEvent: (3)
  55      + _assert_failed --> 2
       
  56 > _TIM4_GetCounter: (2)

  57 > _TIM4_GetFlagStatus: (4)
  58      + _assert_failed --> 2
       
  59 > _TIM4_GetITStatus: (5)
  60      + _assert_failed --> 2
       
  61 > _TIM4_GetPrescaler: (2)

  62 > _TIM4_PrescalerConfig: (4)
  63      + _assert_failed --> 2
       
  64 > _TIM4_SelectOnePulseMode: (3)
  65      + _assert_failed --> 2
       
  66 > _TIM4_SetAutoreload: (2)

  67 > _TIM4_SetCounter: (2)

  68 > _TIM4_UpdateDisableConfig: (3)
  69      + _assert_failed --> 2
       
  70 > _TIM4_UpdateRequestConfig: (3)
  71      + _assert_failed --> 2
       
  72 > __stext: (0)

  73 > _delay_ms: (6)
  74      + _milis: (4)
  75      |    + _TIM4_ITConfig: (4)
  76      |    |    + _assert_failed --> 2
          |    | 
          | 
       
  77 > _lcd_bus_sleep: (2)
  78      + _GPIO_WriteHigh: (5)
  79      + _lcd_bus_inputs: (2)
  80      |    + _GPIO_Init: (6)
  81      |    |    + _assert_failed --> 2
          |    | 
          | 
       
  82 > _lcd_bus_wakeup: (2)
  83      + _GPIO_WriteHigh --> 78
  84      + _GPIO_WriteLow: (5)
  85      + _lcd_bus_outputs: (2)
  86      |    + _GPIO_Init --> 80
          | 
       
  87 > _lcd_deinit_hw: (2)
  88      + _GPIO_Init --> 80
       
  89 > _lcd_puts: (4)
  90      + _lcd_data: (3)
  91      |    + _GPIO_WriteHigh --> 78
  92      |    + _lcd_bus_set: (3)
  93      |    |    + _GPIO_WriteHigh --> 78
  94      |    |    + _GPIO_WriteLow --> 84
          |    | 
  95      |    + _lcd_busy_wait: (4)
  96      |    |    + _lcd_read: (3)
  97      |    |    |    + _GPIO_WriteHigh --> 78
  98      |    |    |    + _GPIO_WriteLow --> 84
  99      |    |    |    + _lcd_bus_inputs --> 79
 100      |    |    |    + _lcd_bus_outputs --> 85
 101      |    |    |    + _lcd_bus_read: (3)
 102      |    |    |    |    + _GPIO_ReadInputPin: (5)
          |    |    |    | 
          |    |    | 
          |    | 
 103      |    + _lcd_e_tick: (2)
 104      |    |    + _GPIO_WriteHigh --> 78
 105      |    |    + _GPIO_WriteLow --> 84
          |    | 
          | 
       
 106 > _lcd_store_symbol: (6)
 107      + _lcd_command: (3)
 108      |    + _GPIO_WriteLow --> 84
 109      |    + _lcd_bus_set --> 92
 110      |    + _lcd_busy_wait --> 95
 111      |    + _lcd_e_tick --> 103
          | 
 112      + _lcd_data --> 90
       
 113 > _main: (2)
 114      + _init: (2)
 115      |    + _CLK_HSIPrescalerConfig: (3)
 116      |    |    + _assert_failed --> 2
          |    | 
 117      |    + _GPIO_Init --> 80
 118      |    + _init_milis: (2)
 119      |    |    + _ITC_SetSoftwarePriority: (6)
 120      |    |    |    + _ITC_GetSoftIntStatus: (2)
 121      |    |    |    |    + _ITC_GetCPUCC: (2)
          |    |    |    | 
 122      |    |    |    + _assert_failed --> 2
          |    |    | 
 123      |    |    + _TIM4_ClearFlag: (3)
 124      |    |    |    + _assert_failed --> 2
          |    |    | 
 125      |    |    + _TIM4_Cmd: (3)
 126      |    |    |    + _assert_failed --> 2
          |    |    | 
 127      |    |    + _TIM4_ITConfig --> 75
 128      |    |    + _TIM4_TimeBaseInit: (4)
 129      |    |    |    + _assert_failed --> 2
          |    |    | 
          |    | 
 130      |    + _keypad_init: (2)
 131      |    |    + _GPIO_Init --> 80
          |    | 
 132      |    + _lcd_init: (2)
 133      |    |    + _lcd_bus_outputs --> 85
 134      |    |    + _lcd_bus_set --> 92
 135      |    |    + _lcd_command --> 107
 136      |    |    + _lcd_e_tick --> 103
 137      |    |    + _lcd_init_hw: (2)
 138      |    |    |    + _GPIO_Init --> 80
 139      |    |    |    + _lcd_bus_outputs --> 85
          |    |    | 
          |    | 
          | 
 140      + _process_keypad: (4)
 141      |    + _GPIO_WriteReverse: (5)
 142      |    + _keypad_scan: (3)
 143      |    |    + _GPIO_ReadInputPin --> 102
 144      |    |    + _GPIO_WriteHigh --> 78
 145      |    |    + _GPIO_WriteLow --> 84
          |    | 
 146      |    + _lcd_data --> 90
 147      |    + _lcd_gotoxy: (5)
 148      |    |    + _lcd_command --> 107
          |    | 
 149      |    + _milis --> 74
          | 
       
 150 > f_ADC2_IRQHandler: (6)

 151 > f_AWU_IRQHandler: (6)

 152 > f_CAN_RX_IRQHandler: (6)

 153 > f_CAN_TX_IRQHandler: (6)

 154 > f_CLK_IRQHandler: (6)

 155 > f_EEPROM_EEC_IRQHandler: (6)

 156 > f_EXTI_PORTA_IRQHandler: (6)

 157 > f_EXTI_PORTB_IRQHandler: (6)

 158 > f_EXTI_PORTC_IRQHandler: (6)

 159 > f_EXTI_PORTD_IRQHandler: (6)

 160 > f_EXTI_PORTE_IRQHandler: (6)

 161 > f_I2C_IRQHandler: (6)

 162 > f_NonHandledInterrupt: (6)

 163 > f_SPI_IRQHandler: (6)

 164 > f_TIM1_CAP_COM_IRQHandler: (6)

 165 > f_TIM1_UPD_OVF_TRG_BRK_IRQHandler: (6)

 166 > f_TIM2_CAP_COM_IRQHandler: (6)

 167 > f_TIM2_UPD_OVF_BRK_IRQHandler: (6)

 168 > f_TIM3_CAP_COM_IRQHandler: (6)

 169 > f_TIM3_UPD_OVF_BRK_IRQHandler: (6)

 170 > f_TIM4_UPD_OVF_IRQHandler: (12)
 171      + _TIM4_ClearFlag --> 123
       
 172 > f_TLI_IRQHandler: (6)

 173 > f_TRAP_IRQHandler: (6)

 174 > f_UART1_RX_IRQHandler: (6)

 175 > f_UART1_TX_IRQHandler: (6)

 176 > f_UART3_RX_IRQHandler: (6)

 177 > f_UART3_TX_IRQHandler: (6)

 178   _CLK_HSIPrescalerConfig --> 115

 179   _GPIO_Init --> 80

 180   _GPIO_ReadInputPin --> 102

 181   _GPIO_WriteHigh --> 78

 182   _GPIO_WriteLow --> 84

 183   _GPIO_WriteReverse --> 141

 184   _ITC_GetCPUCC --> 121

 185   _ITC_GetSoftIntStatus --> 120

 186   _ITC_SetSoftwarePriority --> 119

 187   _TIM4_ClearFlag --> 123

 188   _TIM4_Cmd --> 125

 189   _TIM4_ITConfig --> 75

 190   _TIM4_TimeBaseInit --> 128

 191   _assert_failed --> 2

 192   _init --> 114

 193   _init_milis --> 118

 194   _keypad_init --> 130

 195   _keypad_scan --> 142

 196   _lcd_bus_inputs --> 79

 197   _lcd_bus_outputs --> 85

 198   _lcd_bus_read --> 101

 199   _lcd_bus_set --> 92

 200   _lcd_busy_wait --> 95

 201   _lcd_command --> 107

 202   _lcd_data --> 90

 203   _lcd_e_tick --> 103

 204   _lcd_gotoxy --> 147

 205   _lcd_init --> 132

 206   _lcd_init_hw --> 137

 207   _lcd_read --> 96

 208   _milis --> 74

 209   _process_keypad --> 140



                               -------
                               Symbols
                               -------

_ADC2_AlignConfig                   ********   *** removed from Debug\spse_stm8.o ***
_ADC2_ClearFlag                     ********   *** removed from Debug\stm8s_adc2.o ***
_ADC2_ClearITPendingBit             ********   *** removed from Debug\stm8s_adc2.o ***
_ADC2_Cmd                           ********   *** removed from Debug\stm8s_adc2.o ***
_ADC2_ConversionConfig              ********   *** removed from Debug\stm8s_adc2.o ***
_ADC2_DeInit                        ********   *** removed from Debug\stm8s_adc2.o ***
_ADC2_ExternalTriggerConfig         ********   *** removed from Debug\stm8s_adc2.o ***
_ADC2_GetConversionValue            ********   *** removed from Debug\stm8s_adc2.o ***
_ADC2_GetFlagStatus                 ********   *** removed from Debug\stm8s_adc2.o ***
_ADC2_GetITStatus                   ********   *** removed from Debug\stm8s_adc2.o ***
_ADC2_ITConfig                      ********   *** removed from Debug\stm8s_adc2.o ***
_ADC2_Init                          ********   *** removed from Debug\stm8s_adc2.o ***
_ADC2_PrescalerConfig               ********   *** removed from Debug\stm8s_adc2.o ***
_ADC2_SchmittTriggerConfig          ********   *** removed from Debug\stm8s_adc2.o ***
_ADC2_Select_Channel                ********   *** removed from Debug\spse_stm8.o ***
_ADC2_StartConversion               ********   *** removed from Debug\stm8s_adc2.o ***
_ADC2_Startup_Wait                  ********   *** removed from Debug\spse_stm8.o ***
_ADC_get                            ********   *** removed from Debug\spse_stm8.o ***
_APR_Array                          ********   *** removed from Debug\stm8s_awu.o ***
_AWU_Cmd                            ********   *** removed from Debug\stm8s_awu.o ***
_AWU_DeInit                         ********   *** removed from Debug\stm8s_awu.o ***
_AWU_GetFlagStatus                  ********   *** removed from Debug\stm8s_awu.o ***
_AWU_IdleModeEnable                 ********   *** removed from Debug\stm8s_awu.o ***
_AWU_Init                           ********   *** removed from Debug\stm8s_awu.o ***
_AWU_LSICalibrationConfig           ********   *** removed from Debug\stm8s_awu.o ***
_BEEP_Cmd                           ********   *** removed from Debug\stm8s_beep.o ***
_BEEP_DeInit                        ********   *** removed from Debug\stm8s_beep.o ***
_BEEP_Init                          ********   *** removed from Debug\stm8s_beep.o ***
_BEEP_LSICalibrationConfig          ********   *** removed from Debug\stm8s_beep.o ***
_CAN_CancelTransmit                 ********   *** removed from Debug\stm8s_can.o ***
_CAN_ClearFlag                      ********   *** removed from Debug\stm8s_can.o ***
_CAN_ClearITPendingBit              ********   *** removed from Debug\stm8s_can.o ***
_CAN_DeInit                         ********   *** removed from Debug\stm8s_can.o ***
_CAN_FIFORelease                    ********   *** removed from Debug\stm8s_can.o ***
_CAN_FilterInit                     ********   *** removed from Debug\stm8s_can.o ***
_CAN_GetFlagStatus                  ********   *** removed from Debug\stm8s_can.o ***
_CAN_GetITStatus                    ********   *** removed from Debug\stm8s_can.o ***
_CAN_GetLastErrorCode               ********   *** removed from Debug\stm8s_can.o ***
_CAN_GetMessageTimeStamp            ********   *** removed from Debug\stm8s_can.o ***
_CAN_GetReceivedDLC                 ********   *** removed from Debug\stm8s_can.o ***
_CAN_GetReceivedData                ********   *** removed from Debug\stm8s_can.o ***
_CAN_GetReceivedFMI                 ********   *** removed from Debug\stm8s_can.o ***
_CAN_GetReceivedIDE                 ********   *** removed from Debug\stm8s_can.o ***
_CAN_GetReceivedId                  ********   *** removed from Debug\stm8s_can.o ***
_CAN_GetReceivedRTR                 ********   *** removed from Debug\stm8s_can.o ***
_CAN_GetSelectedPage                ********   *** removed from Debug\stm8s_can.o ***
_CAN_ITConfig                       ********   *** removed from Debug\stm8s_can.o ***
_CAN_Init                           ********   *** removed from Debug\stm8s_can.o ***
_CAN_MessagePending                 ********   *** removed from Debug\stm8s_can.o ***
_CAN_OperatingModeRequest           ********   *** removed from Debug\stm8s_can.o ***
_CAN_Receive                        ********   *** removed from Debug\stm8s_can.o ***
_CAN_ST7CompatibilityCmd            ********   *** removed from Debug\stm8s_can.o ***
_CAN_SelectPage                     ********   *** removed from Debug\stm8s_can.o ***
_CAN_Sleep                          ********   *** removed from Debug\stm8s_can.o ***
_CAN_TTComModeCmd                   ********   *** removed from Debug\stm8s_can.o ***
_CAN_Transmit                       ********   *** removed from Debug\stm8s_can.o ***
_CAN_TransmitStatus                 ********   *** removed from Debug\stm8s_can.o ***
_CAN_WakeUp                         ********   *** removed from Debug\stm8s_can.o ***
_CLKPrescTable                      0000809c   defined in Debug\stm8s_clk.o section .const
_CLK_AdjustHSICalibrationValue      00008de5   defined in Debug\stm8s_clk.o section .text
_CLK_CCOCmd                         00008921   defined in Debug\stm8s_clk.o section .text
_CLK_CCOConfig                      00008bfb   defined in Debug\stm8s_clk.o section .text
_CLK_ClearITPendingBit              00008f15   defined in Debug\stm8s_clk.o section .text
_CLK_ClockSecuritySystemEnable      00008d68   defined in Debug\stm8s_clk.o section .text
_CLK_ClockSwitchCmd                 0000894c   defined in Debug\stm8s_clk.o section .text
_CLK_ClockSwitchConfig              00008a90   defined in Debug\stm8s_clk.o section .text
_CLK_DeInit                         0000883d   defined in Debug\stm8s_clk.o section .text
_CLK_FastHaltWakeUpCmd              00008875   defined in Debug\stm8s_clk.o section .text
_CLK_GetClockFreq                   00008d71   defined in Debug\stm8s_clk.o section .text
                                               used in Debug\stm8s_uart1.o
                                                       Debug\stm8s_uart3.o
_CLK_GetFlagStatus                  00008e29   defined in Debug\stm8s_clk.o section .text
_CLK_GetITStatus                    00008eca   defined in Debug\stm8s_clk.o section .text
_CLK_GetSYSCLKSource                00008d6d   defined in Debug\stm8s_clk.o section .text
_CLK_HSECmd                         000088a0   defined in Debug\stm8s_clk.o section .text
_CLK_HSICmd                         000088cb   defined in Debug\stm8s_clk.o section .text
_CLK_HSIPrescalerConfig             00008bc6   defined in Debug\stm8s_clk.o section .text
                                               used in Debug\main.o
_CLK_ITConfig                       00008c58   defined in Debug\stm8s_clk.o section .text
_CLK_LSICmd                         000088f6   defined in Debug\stm8s_clk.o section .text
_CLK_PeripheralClockConfig          000089a2   defined in Debug\stm8s_clk.o section .text
_CLK_SWIMConfig                     00008d3d   defined in Debug\stm8s_clk.o section .text
_CLK_SYSCLKConfig                   00008ccc   defined in Debug\stm8s_clk.o section .text
_CLK_SYSCLKEmergencyClear           00008e24   defined in Debug\stm8s_clk.o section .text
_CLK_SlowActiveHaltWakeUpCmd        00008977   defined in Debug\stm8s_clk.o section .text
_EXTI_DeInit                        ********   *** removed from Debug\stm8s_exti.o ***
_EXTI_GetExtIntSensitivity          ********   *** removed from Debug\stm8s_exti.o ***
_EXTI_GetTLISensitivity             ********   *** removed from Debug\stm8s_exti.o ***
_EXTI_SetExtIntSensitivity          ********   *** removed from Debug\stm8s_exti.o ***
_EXTI_SetTLISensitivity             ********   *** removed from Debug\stm8s_exti.o ***
_FLASH_DeInit                       ********   *** removed from Debug\stm8s_flash.o ***
_FLASH_EraseBlock                   ********   *** removed from Debug\stm8s_flash.o ***
_FLASH_EraseByte                    ********   *** removed from Debug\stm8s_flash.o ***
_FLASH_EraseOptionByte              ********   *** removed from Debug\stm8s_flash.o ***
_FLASH_GetBootSize                  ********   *** removed from Debug\stm8s_flash.o ***
_FLASH_GetFlagStatus                ********   *** removed from Debug\stm8s_flash.o ***
_FLASH_GetLowPowerMode              ********   *** removed from Debug\stm8s_flash.o ***
_FLASH_GetProgrammingTime           ********   *** removed from Debug\stm8s_flash.o ***
_FLASH_ITConfig                     ********   *** removed from Debug\stm8s_flash.o ***
_FLASH_Lock                         ********   *** removed from Debug\stm8s_flash.o ***
_FLASH_ProgramBlock                 ********   *** removed from Debug\stm8s_flash.o ***
_FLASH_ProgramByte                  ********   *** removed from Debug\stm8s_flash.o ***
_FLASH_ProgramOptionByte            ********   *** removed from Debug\stm8s_flash.o ***
_FLASH_ProgramWord                  ********   *** removed from Debug\stm8s_flash.o ***
_FLASH_ReadByte                     ********   *** removed from Debug\stm8s_flash.o ***
_FLASH_ReadOptionByte               ********   *** removed from Debug\stm8s_flash.o ***
_FLASH_SetLowPowerMode              ********   *** removed from Debug\stm8s_flash.o ***
_FLASH_SetProgrammingTime           ********   *** removed from Debug\stm8s_flash.o ***
_FLASH_Unlock                       ********   *** removed from Debug\stm8s_flash.o ***
_FLASH_WaitForLastOperation         ********   *** removed from Debug\stm8s_flash.o ***
_GPIO_DeInit                        00008f43   defined in Debug\stm8s_gpio.o section .text
_GPIO_ExternalPullUpConfig          00009051   defined in Debug\stm8s_gpio.o section .text
_GPIO_Init                          00008f4b   defined in Debug\stm8s_gpio.o section .text
                                               used in Debug\main.o
                                                       Debug\keypad.o
                                                       Debug\stm8_hd44780.o
                                                       Debug\swspi.o
_GPIO_ReadInputData                 00009047   defined in Debug\stm8s_gpio.o section .text
_GPIO_ReadInputPin                  0000904a   defined in Debug\stm8s_gpio.o section .text
                                               used in Debug\keypad.o
                                                       Debug\stm8_hd44780.o
_GPIO_ReadOutputData                00009045   defined in Debug\stm8s_gpio.o section .text
_GPIO_Write                         00009027   defined in Debug\stm8s_gpio.o section .text
_GPIO_WriteHigh                     0000902f   defined in Debug\stm8s_gpio.o section .text
                                               used in Debug\keypad.o
                                                       Debug\stm8_hd44780.o
                                                       Debug\swspi.o
_GPIO_WriteLow                      00009036   defined in Debug\stm8s_gpio.o section .text
                                               used in Debug\keypad.o
                                                       Debug\stm8_hd44780.o
                                                       Debug\swspi.o
_GPIO_WriteReverse                  0000903e   defined in Debug\stm8s_gpio.o section .text
                                               used in Debug\main.o
_HSIDivFactor                       00008098   defined in Debug\stm8s_clk.o section .const
_I2C_AcknowledgeConfig              ********   *** removed from Debug\stm8s_i2c.o ***
_I2C_CheckEvent                     ********   *** removed from Debug\stm8s_i2c.o ***
_I2C_ClearFlag                      ********   *** removed from Debug\stm8s_i2c.o ***
_I2C_ClearITPendingBit              ********   *** removed from Debug\stm8s_i2c.o ***
_I2C_Cmd                            ********   *** removed from Debug\stm8s_i2c.o ***
_I2C_DeInit                         ********   *** removed from Debug\stm8s_i2c.o ***
_I2C_FastModeDutyCycleConfig        ********   *** removed from Debug\stm8s_i2c.o ***
_I2C_GeneralCallCmd                 ********   *** removed from Debug\stm8s_i2c.o ***
_I2C_GenerateSTART                  ********   *** removed from Debug\stm8s_i2c.o ***
_I2C_GenerateSTOP                   ********   *** removed from Debug\stm8s_i2c.o ***
_I2C_GetFlagStatus                  ********   *** removed from Debug\stm8s_i2c.o ***
_I2C_GetITStatus                    ********   *** removed from Debug\stm8s_i2c.o ***
_I2C_GetLastEvent                   ********   *** removed from Debug\stm8s_i2c.o ***
_I2C_ITConfig                       ********   *** removed from Debug\stm8s_i2c.o ***
_I2C_Init                           ********   *** removed from Debug\stm8s_i2c.o ***
_I2C_RandomRead                     ********   *** removed from Debug\stm8_spse_i2c.o ***
_I2C_ReadRegister                   ********   *** removed from Debug\stm8_spse_i2c.o ***
_I2C_ReceiveData                    ********   *** removed from Debug\stm8s_i2c.o ***
_I2C_Send7bitAddress                ********   *** removed from Debug\stm8s_i2c.o ***
_I2C_SendData                       ********   *** removed from Debug\stm8s_i2c.o ***
_I2C_SoftwareResetCmd               ********   *** removed from Debug\stm8s_i2c.o ***
_I2C_StretchClockCmd                ********   *** removed from Debug\stm8s_i2c.o ***
_I2C_WriteRegister                  ********   *** removed from Debug\stm8_spse_i2c.o ***
_ITC_DeInit                         000090bc   defined in Debug\stm8s_itc.o section .text
_ITC_GetCPUCC                       000090b9   defined in Debug\stm8s_itc.o section .text
_ITC_GetSoftIntStatus               000090dd   defined in Debug\stm8s_itc.o section .text
_ITC_GetSoftwarePriority            000090e2   defined in Debug\stm8s_itc.o section .text
_ITC_SetSoftwarePriority            00009172   defined in Debug\stm8s_itc.o section .text
                                               used in Debug\milis.o
_IWDG_Enable                        ********   *** removed from Debug\stm8s_iwdg.o ***
_IWDG_ReloadCounter                 ********   *** removed from Debug\stm8s_iwdg.o ***
_IWDG_SetPrescaler                  ********   *** removed from Debug\stm8s_iwdg.o ***
_IWDG_SetReload                     ********   *** removed from Debug\stm8s_iwdg.o ***
_IWDG_WriteAccessCmd                ********   *** removed from Debug\stm8s_iwdg.o ***
_RST_ClearFlag                      ********   *** removed from Debug\stm8s_rst.o ***
_RST_GetFlagStatus                  ********   *** removed from Debug\stm8s_rst.o ***
_SPI_BiDirectionalLineConfig        ********   *** removed from Debug\stm8s_spi.o ***
_SPI_CalculateCRCCmd                ********   *** removed from Debug\stm8s_spi.o ***
_SPI_ClearFlag                      ********   *** removed from Debug\stm8s_spi.o ***
_SPI_ClearITPendingBit              ********   *** removed from Debug\stm8s_spi.o ***
_SPI_Cmd                            ********   *** removed from Debug\stm8s_spi.o ***
_SPI_DeInit                         ********   *** removed from Debug\stm8s_spi.o ***
_SPI_GetCRC                         ********   *** removed from Debug\stm8s_spi.o ***
_SPI_GetCRCPolynomial               ********   *** removed from Debug\stm8s_spi.o ***
_SPI_GetFlagStatus                  ********   *** removed from Debug\stm8s_spi.o ***
_SPI_GetITStatus                    ********   *** removed from Debug\stm8s_spi.o ***
_SPI_ITConfig                       ********   *** removed from Debug\stm8s_spi.o ***
_SPI_Init                           ********   *** removed from Debug\stm8s_spi.o ***
_SPI_NSSInternalSoftwareCmd         ********   *** removed from Debug\stm8s_spi.o ***
_SPI_ReceiveData                    ********   *** removed from Debug\stm8s_spi.o ***
_SPI_ResetCRC                       ********   *** removed from Debug\stm8s_spi.o ***
_SPI_SendData                       ********   *** removed from Debug\stm8s_spi.o ***
_SPI_TransmitCRC                    ********   *** removed from Debug\stm8s_spi.o ***
_TBR_Array                          ********   *** removed from Debug\stm8s_awu.o ***
_TIM1_ARRPreloadConfig              ********   *** removed from Debug\stm8s_tim1.o ***
_TIM1_BDTRConfig                    ********   *** removed from Debug\stm8s_tim1.o ***
_TIM1_CCPreloadControl              ********   *** removed from Debug\stm8s_tim1.o ***
_TIM1_CCxCmd                        ********   *** removed from Debug\stm8s_tim1.o ***
_TIM1_CCxNCmd                       ********   *** removed from Debug\stm8s_tim1.o ***
_TIM1_ClearFlag                     ********   *** removed from Debug\stm8s_tim1.o ***
_TIM1_ClearITPendingBit             ********   *** removed from Debug\stm8s_tim1.o ***
_TIM1_Cmd                           ********   *** removed from Debug\stm8s_tim1.o ***
_TIM1_CounterModeConfig             ********   *** removed from Debug\stm8s_tim1.o ***
_TIM1_CtrlPWMOutputs                ********   *** removed from Debug\stm8s_tim1.o ***
_TIM1_DeInit                        ********   *** removed from Debug\stm8s_tim1.o ***
_TIM1_ETRClockMode1Config           ********   *** removed from Debug\stm8s_tim1.o ***
_TIM1_ETRClockMode2Config           ********   *** removed from Debug\stm8s_tim1.o ***
_TIM1_ETRConfig                     ********   *** removed from Debug\stm8s_tim1.o ***
_TIM1_EncoderInterfaceConfig        ********   *** removed from Debug\stm8s_tim1.o ***
_TIM1_ForcedOC1Config               ********   *** removed from Debug\stm8s_tim1.o ***
_TIM1_ForcedOC2Config               ********   *** removed from Debug\stm8s_tim1.o ***
_TIM1_ForcedOC3Config               ********   *** removed from Debug\stm8s_tim1.o ***
_TIM1_ForcedOC4Config               ********   *** removed from Debug\stm8s_tim1.o ***
_TIM1_GenerateEvent                 ********   *** removed from Debug\stm8s_tim1.o ***
_TIM1_GetCapture1                   ********   *** removed from Debug\stm8s_tim1.o ***
_TIM1_GetCapture2                   ********   *** removed from Debug\stm8s_tim1.o ***
_TIM1_GetCapture3                   ********   *** removed from Debug\stm8s_tim1.o ***
_TIM1_GetCapture4                   ********   *** removed from Debug\stm8s_tim1.o ***
_TIM1_GetCounter                    ********   *** removed from Debug\stm8s_tim1.o ***
_TIM1_GetFlagStatus                 ********   *** removed from Debug\stm8s_tim1.o ***
_TIM1_GetITStatus                   ********   *** removed from Debug\stm8s_tim1.o ***
_TIM1_GetPrescaler                  ********   *** removed from Debug\stm8s_tim1.o ***
_TIM1_ICInit                        ********   *** removed from Debug\stm8s_tim1.o ***
_TIM1_ITConfig                      ********   *** removed from Debug\stm8s_tim1.o ***
_TIM1_InternalClockConfig           ********   *** removed from Debug\stm8s_tim1.o ***
_TIM1_OC1FastConfig                 ********   *** removed from Debug\stm8s_tim1.o ***
_TIM1_OC1Init                       ********   *** removed from Debug\stm8s_tim1.o ***
_TIM1_OC1NPolarityConfig            ********   *** removed from Debug\stm8s_tim1.o ***
_TIM1_OC1PolarityConfig             ********   *** removed from Debug\stm8s_tim1.o ***
_TIM1_OC1PreloadConfig              ********   *** removed from Debug\stm8s_tim1.o ***
_TIM1_OC2FastConfig                 ********   *** removed from Debug\stm8s_tim1.o ***
_TIM1_OC2Init                       ********   *** removed from Debug\stm8s_tim1.o ***
_TIM1_OC2NPolarityConfig            ********   *** removed from Debug\stm8s_tim1.o ***
_TIM1_OC2PolarityConfig             ********   *** removed from Debug\stm8s_tim1.o ***
_TIM1_OC2PreloadConfig              ********   *** removed from Debug\stm8s_tim1.o ***
_TIM1_OC3FastConfig                 ********   *** removed from Debug\stm8s_tim1.o ***
_TIM1_OC3Init                       ********   *** removed from Debug\stm8s_tim1.o ***
_TIM1_OC3NPolarityConfig            ********   *** removed from Debug\stm8s_tim1.o ***
_TIM1_OC3PolarityConfig             ********   *** removed from Debug\stm8s_tim1.o ***
_TIM1_OC3PreloadConfig              ********   *** removed from Debug\stm8s_tim1.o ***
_TIM1_OC4FastConfig                 ********   *** removed from Debug\stm8s_tim1.o ***
_TIM1_OC4Init                       ********   *** removed from Debug\stm8s_tim1.o ***
_TIM1_OC4PolarityConfig             ********   *** removed from Debug\stm8s_tim1.o ***
_TIM1_OC4PreloadConfig              ********   *** removed from Debug\stm8s_tim1.o ***
_TIM1_PWMIConfig                    ********   *** removed from Debug\stm8s_tim1.o ***
_TIM1_PrescalerConfig               ********   *** removed from Debug\stm8s_tim1.o ***
_TIM1_SelectCOM                     ********   *** removed from Debug\stm8s_tim1.o ***
_TIM1_SelectHallSensor              ********   *** removed from Debug\stm8s_tim1.o ***
_TIM1_SelectInputTrigger            ********   *** removed from Debug\stm8s_tim1.o ***
_TIM1_SelectMasterSlaveMode         ********   *** removed from Debug\stm8s_tim1.o ***
_TIM1_SelectOCxM                    ********   *** removed from Debug\stm8s_tim1.o ***
_TIM1_SelectOnePulseMode            ********   *** removed from Debug\stm8s_tim1.o ***
_TIM1_SelectOutputTrigger           ********   *** removed from Debug\stm8s_tim1.o ***
_TIM1_SelectSlaveMode               ********   *** removed from Debug\stm8s_tim1.o ***
_TIM1_SetAutoreload                 ********   *** removed from Debug\stm8s_tim1.o ***
_TIM1_SetCompare1                   ********   *** removed from Debug\stm8s_tim1.o ***
_TIM1_SetCompare2                   ********   *** removed from Debug\stm8s_tim1.o ***
_TIM1_SetCompare3                   ********   *** removed from Debug\stm8s_tim1.o ***
_TIM1_SetCompare4                   ********   *** removed from Debug\stm8s_tim1.o ***
_TIM1_SetCounter                    ********   *** removed from Debug\stm8s_tim1.o ***
_TIM1_SetIC1Prescaler               ********   *** removed from Debug\stm8s_tim1.o ***
_TIM1_SetIC2Prescaler               ********   *** removed from Debug\stm8s_tim1.o ***
_TIM1_SetIC3Prescaler               ********   *** removed from Debug\stm8s_tim1.o ***
_TIM1_SetIC4Prescaler               ********   *** removed from Debug\stm8s_tim1.o ***
_TIM1_TIxExternalClockConfig        ********   *** removed from Debug\stm8s_tim1.o ***
_TIM1_TimeBaseInit                  ********   *** removed from Debug\stm8s_tim1.o ***
_TIM1_UpdateDisableConfig           ********   *** removed from Debug\stm8s_tim1.o ***
_TIM1_UpdateRequestConfig           ********   *** removed from Debug\stm8s_tim1.o ***
_TIM2_ARRPreloadConfig              ********   *** removed from Debug\stm8s_tim2.o ***
_TIM2_CCxCmd                        ********   *** removed from Debug\stm8s_tim2.o ***
_TIM2_ClearFlag                     ********   *** removed from Debug\stm8s_tim2.o ***
_TIM2_ClearITPendingBit             ********   *** removed from Debug\stm8s_tim2.o ***
_TIM2_Cmd                           ********   *** removed from Debug\stm8s_tim2.o ***
_TIM2_DeInit                        ********   *** removed from Debug\stm8s_tim2.o ***
_TIM2_ForcedOC1Config               ********   *** removed from Debug\stm8s_tim2.o ***
_TIM2_ForcedOC2Config               ********   *** removed from Debug\stm8s_tim2.o ***
_TIM2_ForcedOC3Config               ********   *** removed from Debug\stm8s_tim2.o ***
_TIM2_GenerateEvent                 ********   *** removed from Debug\stm8s_tim2.o ***
_TIM2_GetCapture1                   ********   *** removed from Debug\stm8s_tim2.o ***
_TIM2_GetCapture2                   ********   *** removed from Debug\stm8s_tim2.o ***
_TIM2_GetCapture3                   ********   *** removed from Debug\stm8s_tim2.o ***
_TIM2_GetCounter                    ********   *** removed from Debug\stm8s_tim2.o ***
_TIM2_GetFlagStatus                 ********   *** removed from Debug\stm8s_tim2.o ***
_TIM2_GetITStatus                   ********   *** removed from Debug\stm8s_tim2.o ***
_TIM2_GetPrescaler                  ********   *** removed from Debug\stm8s_tim2.o ***
_TIM2_ICInit                        ********   *** removed from Debug\stm8s_tim2.o ***
_TIM2_ITConfig                      ********   *** removed from Debug\stm8s_tim2.o ***
_TIM2_OC1Init                       ********   *** removed from Debug\stm8s_tim2.o ***
_TIM2_OC1PolarityConfig             ********   *** removed from Debug\stm8s_tim2.o ***
_TIM2_OC1PreloadConfig              ********   *** removed from Debug\stm8s_tim2.o ***
_TIM2_OC2Init                       ********   *** removed from Debug\stm8s_tim2.o ***
_TIM2_OC2PolarityConfig             ********   *** removed from Debug\stm8s_tim2.o ***
_TIM2_OC2PreloadConfig              ********   *** removed from Debug\stm8s_tim2.o ***
_TIM2_OC3Init                       ********   *** removed from Debug\stm8s_tim2.o ***
_TIM2_OC3PolarityConfig             ********   *** removed from Debug\stm8s_tim2.o ***
_TIM2_OC3PreloadConfig              ********   *** removed from Debug\stm8s_tim2.o ***
_TIM2_PWMIConfig                    ********   *** removed from Debug\stm8s_tim2.o ***
_TIM2_PrescalerConfig               ********   *** removed from Debug\stm8s_tim2.o ***
_TIM2_SelectOCxM                    ********   *** removed from Debug\stm8s_tim2.o ***
_TIM2_SelectOnePulseMode            ********   *** removed from Debug\stm8s_tim2.o ***
_TIM2_SetAutoreload                 ********   *** removed from Debug\stm8s_tim2.o ***
_TIM2_SetCompare1                   ********   *** removed from Debug\stm8s_tim2.o ***
_TIM2_SetCompare2                   ********   *** removed from Debug\stm8s_tim2.o ***
_TIM2_SetCompare3                   ********   *** removed from Debug\stm8s_tim2.o ***
_TIM2_SetCounter                    ********   *** removed from Debug\stm8s_tim2.o ***
_TIM2_SetIC1Prescaler               ********   *** removed from Debug\stm8s_tim2.o ***
_TIM2_SetIC2Prescaler               ********   *** removed from Debug\stm8s_tim2.o ***
_TIM2_SetIC3Prescaler               ********   *** removed from Debug\stm8s_tim2.o ***
_TIM2_TimeBaseInit                  ********   *** removed from Debug\stm8s_tim2.o ***
_TIM2_UpdateDisableConfig           ********   *** removed from Debug\stm8s_tim2.o ***
_TIM2_UpdateRequestConfig           ********   *** removed from Debug\stm8s_tim2.o ***
_TIM3_ARRPreloadConfig              ********   *** removed from Debug\stm8s_tim3.o ***
_TIM3_CCxCmd                        ********   *** removed from Debug\stm8s_tim3.o ***
_TIM3_ClearFlag                     ********   *** removed from Debug\stm8s_tim3.o ***
_TIM3_ClearITPendingBit             ********   *** removed from Debug\stm8s_tim3.o ***
_TIM3_Cmd                           ********   *** removed from Debug\stm8s_tim3.o ***
_TIM3_DeInit                        ********   *** removed from Debug\stm8s_tim3.o ***
_TIM3_ForcedOC1Config               ********   *** removed from Debug\stm8s_tim3.o ***
_TIM3_ForcedOC2Config               ********   *** removed from Debug\stm8s_tim3.o ***
_TIM3_GenerateEvent                 ********   *** removed from Debug\stm8s_tim3.o ***
_TIM3_GetCapture1                   ********   *** removed from Debug\stm8s_tim3.o ***
_TIM3_GetCapture2                   ********   *** removed from Debug\stm8s_tim3.o ***
_TIM3_GetCounter                    ********   *** removed from Debug\stm8s_tim3.o ***
_TIM3_GetFlagStatus                 ********   *** removed from Debug\stm8s_tim3.o ***
_TIM3_GetITStatus                   ********   *** removed from Debug\stm8s_tim3.o ***
_TIM3_GetPrescaler                  ********   *** removed from Debug\stm8s_tim3.o ***
_TIM3_ICInit                        ********   *** removed from Debug\stm8s_tim3.o ***
_TIM3_ITConfig                      ********   *** removed from Debug\stm8s_tim3.o ***
_TIM3_OC1Init                       ********   *** removed from Debug\stm8s_tim3.o ***
_TIM3_OC1PolarityConfig             ********   *** removed from Debug\stm8s_tim3.o ***
_TIM3_OC1PreloadConfig              ********   *** removed from Debug\stm8s_tim3.o ***
_TIM3_OC2Init                       ********   *** removed from Debug\stm8s_tim3.o ***
_TIM3_OC2PolarityConfig             ********   *** removed from Debug\stm8s_tim3.o ***
_TIM3_OC2PreloadConfig              ********   *** removed from Debug\stm8s_tim3.o ***
_TIM3_PWMIConfig                    ********   *** removed from Debug\stm8s_tim3.o ***
_TIM3_PrescalerConfig               ********   *** removed from Debug\stm8s_tim3.o ***
_TIM3_SelectOCxM                    ********   *** removed from Debug\stm8s_tim3.o ***
_TIM3_SelectOnePulseMode            ********   *** removed from Debug\stm8s_tim3.o ***
_TIM3_SetAutoreload                 ********   *** removed from Debug\stm8s_tim3.o ***
_TIM3_SetCompare1                   ********   *** removed from Debug\stm8s_tim3.o ***
_TIM3_SetCompare2                   ********   *** removed from Debug\stm8s_tim3.o ***
_TIM3_SetCounter                    ********   *** removed from Debug\stm8s_tim3.o ***
_TIM3_SetIC1Prescaler               ********   *** removed from Debug\stm8s_tim3.o ***
_TIM3_SetIC2Prescaler               ********   *** removed from Debug\stm8s_tim3.o ***
_TIM3_TimeBaseInit                  ********   *** removed from Debug\stm8s_tim3.o ***
_TIM3_UpdateDisableConfig           ********   *** removed from Debug\stm8s_tim3.o ***
_TIM3_UpdateRequestConfig           ********   *** removed from Debug\stm8s_tim3.o ***
_TIM4_ARRPreloadConfig              00009447   defined in Debug\stm8s_tim4.o section .text
_TIM4_ClearFlag                     000094cd   defined in Debug\stm8s_tim4.o section .text
                                               used in Debug\milis.o
_TIM4_ClearITPendingBit             00009529   defined in Debug\stm8s_tim4.o section .text
_TIM4_Cmd                           000092e2   defined in Debug\stm8s_tim4.o section .text
                                               used in Debug\milis.o
_TIM4_DeInit                        00009282   defined in Debug\stm8s_tim4.o section .text
_TIM4_GenerateEvent                 00009472   defined in Debug\stm8s_tim4.o section .text
_TIM4_GetCounter                    00009499   defined in Debug\stm8s_tim4.o section .text
_TIM4_GetFlagStatus                 000094a1   defined in Debug\stm8s_tim4.o section .text
_TIM4_GetITStatus                   000094ed   defined in Debug\stm8s_tim4.o section .text
_TIM4_GetPrescaler                  0000949d   defined in Debug\stm8s_tim4.o section .text
_TIM4_ITConfig                      0000930d   defined in Debug\stm8s_tim4.o section .text
                                               used in Debug\milis.o
_TIM4_PrescalerConfig               000093dd   defined in Debug\stm8s_tim4.o section .text
_TIM4_SelectOnePulseMode            000093b2   defined in Debug\stm8s_tim4.o section .text
_TIM4_SetAutoreload                 00009495   defined in Debug\stm8s_tim4.o section .text
_TIM4_SetCounter                    00009491   defined in Debug\stm8s_tim4.o section .text
_TIM4_TimeBaseInit                  0000929b   defined in Debug\stm8s_tim4.o section .text
                                               used in Debug\milis.o
_TIM4_UpdateDisableConfig           0000935c   defined in Debug\stm8s_tim4.o section .text
_TIM4_UpdateRequestConfig           00009387   defined in Debug\stm8s_tim4.o section .text
_UART1_ClearFlag                    ********   *** removed from Debug\stm8s_uart1.o ***
_UART1_ClearITPendingBit            ********   *** removed from Debug\stm8s_uart1.o ***
_UART1_Cmd                          ********   *** removed from Debug\stm8s_uart1.o ***
_UART1_DeInit                       ********   *** removed from Debug\stm8s_uart1.o ***
_UART1_GetFlagStatus                ********   *** removed from Debug\stm8s_uart1.o ***
_UART1_GetITStatus                  ********   *** removed from Debug\stm8s_uart1.o ***
_UART1_HalfDuplexCmd                ********   *** removed from Debug\stm8s_uart1.o ***
_UART1_ITConfig                     ********   *** removed from Debug\stm8s_uart1.o ***
_UART1_Init                         ********   *** removed from Debug\stm8s_uart1.o ***
_UART1_IrDACmd                      ********   *** removed from Debug\stm8s_uart1.o ***
_UART1_IrDAConfig                   ********   *** removed from Debug\stm8s_uart1.o ***
_UART1_LINBreakDetectionConfig      ********   *** removed from Debug\stm8s_uart1.o ***
_UART1_LINCmd                       ********   *** removed from Debug\stm8s_uart1.o ***
_UART1_ReceiveData8                 ********   *** removed from Debug\stm8s_uart1.o ***
_UART1_ReceiveData9                 ********   *** removed from Debug\stm8s_uart1.o ***
_UART1_ReceiverWakeUpCmd            ********   *** removed from Debug\stm8s_uart1.o ***
_UART1_SendBreak                    ********   *** removed from Debug\stm8s_uart1.o ***
_UART1_SendData8                    ********   *** removed from Debug\stm8s_uart1.o ***
_UART1_SendData9                    ********   *** removed from Debug\stm8s_uart1.o ***
_UART1_SetAddress                   ********   *** removed from Debug\stm8s_uart1.o ***
_UART1_SetGuardTime                 ********   *** removed from Debug\stm8s_uart1.o ***
_UART1_SetPrescaler                 ********   *** removed from Debug\stm8s_uart1.o ***
_UART1_SmartCardCmd                 ********   *** removed from Debug\stm8s_uart1.o ***
_UART1_SmartCardNACKCmd             ********   *** removed from Debug\stm8s_uart1.o ***
_UART1_WakeUpConfig                 ********   *** removed from Debug\stm8s_uart1.o ***
_UART3_ClearFlag                    ********   *** removed from Debug\stm8s_uart3.o ***
_UART3_ClearITPendingBit            ********   *** removed from Debug\stm8s_uart3.o ***
_UART3_Cmd                          ********   *** removed from Debug\stm8s_uart3.o ***
_UART3_DeInit                       ********   *** removed from Debug\stm8s_uart3.o ***
_UART3_GetFlagStatus                ********   *** removed from Debug\stm8s_uart3.o ***
_UART3_GetITStatus                  ********   *** removed from Debug\stm8s_uart3.o ***
_UART3_ITConfig                     ********   *** removed from Debug\stm8s_uart3.o ***
_UART3_Init                         ********   *** removed from Debug\stm8s_uart3.o ***
_UART3_LINBreakDetectionConfig      ********   *** removed from Debug\stm8s_uart3.o ***
_UART3_LINCmd                       ********   *** removed from Debug\stm8s_uart3.o ***
_UART3_LINConfig                    ********   *** removed from Debug\stm8s_uart3.o ***
_UART3_ReceiveData8                 ********   *** removed from Debug\stm8s_uart3.o ***
_UART3_ReceiveData9                 ********   *** removed from Debug\stm8s_uart3.o ***
_UART3_ReceiverWakeUpCmd            ********   *** removed from Debug\stm8s_uart3.o ***
_UART3_SendBreak                    ********   *** removed from Debug\stm8s_uart3.o ***
_UART3_SendData8                    ********   *** removed from Debug\stm8s_uart3.o ***
_UART3_SendData9                    ********   *** removed from Debug\stm8s_uart3.o ***
_UART3_SetAddress                   ********   *** removed from Debug\stm8s_uart3.o ***
_UART3_WakeUpConfig                 ********   *** removed from Debug\stm8s_uart3.o ***
_WWDG_GetCounter                    ********   *** removed from Debug\stm8s_wwdg.o ***
_WWDG_Init                          ********   *** removed from Debug\stm8s_wwdg.o ***
_WWDG_SWReset                       ********   *** removed from Debug\stm8s_wwdg.o ***
_WWDG_SetCounter                    ********   *** removed from Debug\stm8s_wwdg.o ***
_WWDG_SetWindowValue                ********   *** removed from Debug\stm8s_wwdg.o ***
__DLC                               ********   *** removed from Debug\stm8s_can.o ***
__Data                              ********   *** removed from Debug\stm8s_can.o ***
__FMI                               ********   *** removed from Debug\stm8s_can.o ***
__IDE                               ********   *** removed from Debug\stm8s_can.o ***
__Id                                ********   *** removed from Debug\stm8s_can.o ***
__RTR                               ********   *** removed from Debug\stm8s_can.o ***
__endmem                            000013ff   defined in command file
                                               *** not used ***
__endzp                             0000000f   defined in command file section .ubsct
                                               used in C:\Program Files (x86)\COSMIC\FSE_Compilers\CXSTM8\lib\crtsi0.sm8
__idesc__                           0000814a   defined in linker section .init
                                               used in C:\Program Files (x86)\COSMIC\FSE_Compilers\CXSTM8\lib\crtsi0.sm8
__memory                            00000100   defined in command file section .bss
                                               used in C:\Program Files (x86)\COSMIC\FSE_Compilers\CXSTM8\lib\crtsi0.sm8
__stack                             000017ff   defined in command file
                                               used in C:\Program Files (x86)\COSMIC\FSE_Compilers\CXSTM8\lib\crtsi0.sm8
__startmem                          00000100   defined in command file section .bss
                                               *** not used ***
__stext                             00008157   defined in C:\Program Files (x86)\COSMIC\FSE_Compilers\CXSTM8\lib\crtsi0.sm8 section .text
                                               used in Debug\stm8_interrupt_vector.o
__vectab                            00008000   defined in Debug\stm8_interrupt_vector.o section .const
_assert_failed                      000082a4   defined in Debug\main.o section .text
                                               used in Debug\stm8s_adc2.o
                                                       Debug\stm8s_awu.o
                                                       Debug\stm8s_beep.o
                                                       Debug\stm8s_can.o
                                                       Debug\stm8s_clk.o
                                                       Debug\stm8s_exti.o
                                                       Debug\stm8s_flash.o
                                                       Debug\stm8s_gpio.o
                                                       Debug\stm8s_i2c.o
                                                       Debug\stm8s_itc.o
                                                       Debug\stm8s_iwdg.o
                                                       Debug\stm8s_rst.o
                                                       Debug\stm8s_spi.o
                                                       Debug\stm8s_tim1.o
                                                       Debug\stm8s_tim2.o
                                                       Debug\stm8s_tim3.o
                                                       Debug\stm8s_tim4.o
                                                       Debug\stm8s_uart1.o
                                                       Debug\stm8s_uart3.o
                                                       Debug\stm8s_wwdg.o
_delay_ms                           00008414   defined in Debug\milis.o section .text
_exit                               000081a5   defined in C:\Program Files (x86)\COSMIC\FSE_Compilers\CXSTM8\lib\crtsi0.sm8 section .text
_init                               000081ad   defined in Debug\main.o section .text
_init_milis                         00008430   defined in Debug\milis.o section .text
                                               used in Debug\main.o
_keypad_init                        000082a6   defined in Debug\keypad.o section .text
                                               used in Debug\main.o
_keypad_scan                        000082f4   defined in Debug\keypad.o section .text
                                               used in Debug\main.o
_lcd_bus_inputs                     0000859e   defined in Debug\stm8_hd44780.o section .text
_lcd_bus_outputs                    00008571   defined in Debug\stm8_hd44780.o section .text
_lcd_bus_read                       00008682   defined in Debug\stm8_hd44780.o section .text
_lcd_bus_set                        00008619   defined in Debug\stm8_hd44780.o section .text
_lcd_bus_sleep                      000087d1   defined in Debug\stm8_hd44780.o section .text
_lcd_bus_wakeup                     000087e7   defined in Debug\stm8_hd44780.o section .text
_lcd_busy_wait                      00008818   defined in Debug\stm8_hd44780.o section .text
_lcd_command                        000086f9   defined in Debug\stm8_hd44780.o section .text
_lcd_data                           00008723   defined in Debug\stm8_hd44780.o section .text
                                               used in Debug\main.o
_lcd_deinit_hw                      000085cb   defined in Debug\stm8_hd44780.o section .text
_lcd_e_tick                         000086d6   defined in Debug\stm8_hd44780.o section .text
_lcd_gotoxy                         0000851e   defined in Debug\stm8_hd44780.o section .text
                                               used in Debug\main.o
_lcd_init                           000084b9   defined in Debug\stm8_hd44780.o section .text
                                               used in Debug\main.o
_lcd_init_hw                        0000854d   defined in Debug\stm8_hd44780.o section .text
_lcd_puts                           000084a2   defined in Debug\stm8_hd44780.o section .text
_lcd_read                           0000874d   defined in Debug\stm8_hd44780.o section .text
_lcd_store_symbol                   00008479   defined in Debug\stm8_hd44780.o section .text
_main                               000081a7   defined in Debug\main.o section .text
                                               used in C:\Program Files (x86)\COSMIC\FSE_Compilers\CXSTM8\lib\crtsi0.sm8
_milis                              000083fe   defined in Debug\milis.o section .text
                                               used in Debug\main.o
_miliseconds                        00000003   defined in Debug\milis.o section .bsct, initialized
_process_keypad                     000081c6   defined in Debug\main.o section .text
_swspi_init                         ********   *** removed from Debug\swspi.o ***
_swspi_tx16                         ********   *** removed from Debug\swspi.o ***
c_cmulx                             ********   *** removed from (C:\Program Files (x86)\COSMIC\FSE_Compilers\CXSTM8\lib\libm0.sm8)cmulx.o ***
c_divsl                             0000956f   defined in (C:\Program Files (x86)\COSMIC\FSE_Compilers\CXSTM8\lib\libm0.sm8)ldiv.o section .text
                                               *** not used ***
c_divul                             00009586   defined in (C:\Program Files (x86)\COSMIC\FSE_Compilers\CXSTM8\lib\libm0.sm8)ldiv.o section .text
                                               used in (C:\Program Files (x86)\COSMIC\FSE_Compilers\CXSTM8\lib\libm0.sm8)ludiv.o
c_imul                              ********   *** removed from (C:\Program Files (x86)\COSMIC\FSE_Compilers\CXSTM8\lib\libm0.sm8)imul.o ***
c_ladd                              ********   *** removed from (C:\Program Files (x86)\COSMIC\FSE_Compilers\CXSTM8\lib\libm0.sm8)ladd.o ***
c_lcmp                              ********   *** removed from (C:\Program Files (x86)\COSMIC\FSE_Compilers\CXSTM8\lib\libm0.sm8)lcmp.o ***
c_lgadd                             ********   *** removed from (C:\Program Files (x86)\COSMIC\FSE_Compilers\CXSTM8\lib\libm0.sm8)lgadd.o ***
c_lgneg                             0000965a   defined in (C:\Program Files (x86)\COSMIC\FSE_Compilers\CXSTM8\lib\libm0.sm8)lgneg.o section .text
                                               used in (C:\Program Files (x86)\COSMIC\FSE_Compilers\CXSTM8\lib\libm0.sm8)ldiv.o
c_lgursh                            ********   *** removed from (C:\Program Files (x86)\COSMIC\FSE_Compilers\CXSTM8\lib\libm0.sm8)lgursh.o ***
c_llsh                              ********   *** removed from (C:\Program Files (x86)\COSMIC\FSE_Compilers\CXSTM8\lib\libm0.sm8)llsh.o ***
c_lmul                              ********   *** removed from (C:\Program Files (x86)\COSMIC\FSE_Compilers\CXSTM8\lib\libm0.sm8)lmul.o ***
c_lmulc                             ********   *** removed from (C:\Program Files (x86)\COSMIC\FSE_Compilers\CXSTM8\lib\libm0.sm8)lmul.o ***
c_lneg                              0000966d   defined in (C:\Program Files (x86)\COSMIC\FSE_Compilers\CXSTM8\lib\libm0.sm8)lneg.o section .text
                                               used in (C:\Program Files (x86)\COSMIC\FSE_Compilers\CXSTM8\lib\libm0.sm8)ldiv.o
c_lor                               ********   *** removed from (C:\Program Files (x86)\COSMIC\FSE_Compilers\CXSTM8\lib\libm0.sm8)lor.o ***
c_lreg                              00000005   defined in (C:\Program Files (x86)\COSMIC\FSE_Compilers\CXSTM8\lib\libm0.sm8)lreg.o section .ubsct
                                               used in Debug\stm8s_awu.o
                                                       Debug\stm8s_beep.o
                                                       Debug\stm8s_can.o
                                                       Debug\stm8s_clk.o
                                                       Debug\stm8s_flash.o
                                                       Debug\stm8s_i2c.o
                                                       Debug\stm8s_uart1.o
                                                       Debug\stm8s_uart3.o
                                                       (C:\Program Files (x86)\COSMIC\FSE_Compilers\CXSTM8\lib\libm0.sm8)cmulx.o
                                                       (C:\Program Files (x86)\COSMIC\FSE_Compilers\CXSTM8\lib\libm0.sm8)ladd.o
                                                       (C:\Program Files (x86)\COSMIC\FSE_Compilers\CXSTM8\lib\libm0.sm8)lcmp.o
                                                       (C:\Program Files (x86)\COSMIC\FSE_Compilers\CXSTM8\lib\libm0.sm8)lgadd.o
                                                       (C:\Program Files (x86)\COSMIC\FSE_Compilers\CXSTM8\lib\libm0.sm8)llsh.o
                                                       (C:\Program Files (x86)\COSMIC\FSE_Compilers\CXSTM8\lib\libm0.sm8)lmul.o
                                                       (C:\Program Files (x86)\COSMIC\FSE_Compilers\CXSTM8\lib\libm0.sm8)lor.o
                                                       (C:\Program Files (x86)\COSMIC\FSE_Compilers\CXSTM8\lib\libm0.sm8)lsub.o
                                                       (C:\Program Files (x86)\COSMIC\FSE_Compilers\CXSTM8\lib\libm0.sm8)ltor.o
                                                       (C:\Program Files (x86)\COSMIC\FSE_Compilers\CXSTM8\lib\libm0.sm8)ldiv.o
                                                       (C:\Program Files (x86)\COSMIC\FSE_Compilers\CXSTM8\lib\libm0.sm8)lneg.o
                                                       (C:\Program Files (x86)\COSMIC\FSE_Compilers\CXSTM8\lib\libm0.sm8)lursh.o
                                                       (C:\Program Files (x86)\COSMIC\FSE_Compilers\CXSTM8\lib\libm0.sm8)rtol.o
                                                       (C:\Program Files (x86)\COSMIC\FSE_Compilers\CXSTM8\lib\libm0.sm8)smul.o
                                                       (C:\Program Files (x86)\COSMIC\FSE_Compilers\CXSTM8\lib\libm0.sm8)utol.o
                                                       (C:\Program Files (x86)\COSMIC\FSE_Compilers\CXSTM8\lib\libm0.sm8)utolx.o
                                                       (C:\Program Files (x86)\COSMIC\FSE_Compilers\CXSTM8\lib\libm0.sm8)umul.o
c_lsub                              ********   *** removed from (C:\Program Files (x86)\COSMIC\FSE_Compilers\CXSTM8\lib\libm0.sm8)lsub.o ***
c_ltor                              00009549   defined in (C:\Program Files (x86)\COSMIC\FSE_Compilers\CXSTM8\lib\libm0.sm8)ltor.o section .text
                                               used in Debug\stm8s_awu.o
                                                       Debug\stm8s_beep.o
                                                       Debug\stm8s_can.o
                                                       Debug\stm8s_clk.o
                                                       Debug\stm8s_flash.o
                                                       Debug\stm8s_i2c.o
                                                       Debug\stm8s_uart1.o
                                                       Debug\stm8s_uart3.o
c_ludv                              0000955b   defined in (C:\Program Files (x86)\COSMIC\FSE_Compilers\CXSTM8\lib\libm0.sm8)ludiv.o section .text
                                               used in Debug\stm8s_awu.o
                                                       Debug\stm8s_beep.o
                                                       Debug\stm8s_clk.o
                                                       Debug\stm8s_i2c.o
                                                       Debug\stm8s_uart1.o
                                                       Debug\stm8s_uart3.o
c_lursh                             ********   *** removed from (C:\Program Files (x86)\COSMIC\FSE_Compilers\CXSTM8\lib\libm0.sm8)lursh.o ***
c_lzmp                              ********   *** removed from (C:\Program Files (x86)\COSMIC\FSE_Compilers\CXSTM8\lib\libm0.sm8)lzmp.o ***
c_rtol                              00009682   defined in (C:\Program Files (x86)\COSMIC\FSE_Compilers\CXSTM8\lib\libm0.sm8)rtol.o section .text
                                               used in Debug\stm8s_can.o
                                                       Debug\stm8s_clk.o
                                                       Debug\stm8s_flash.o
                                                       Debug\stm8s_i2c.o
                                                       Debug\stm8s_uart1.o
                                                       Debug\stm8s_uart3.o
c_sdivx                             ********   *** removed from (C:\Program Files (x86)\COSMIC\FSE_Compilers\CXSTM8\lib\libm0.sm8)sdivx.o ***
c_smodx                             ********   *** removed from (C:\Program Files (x86)\COSMIC\FSE_Compilers\CXSTM8\lib\libm0.sm8)sdivx.o ***
c_smul                              ********   *** removed from (C:\Program Files (x86)\COSMIC\FSE_Compilers\CXSTM8\lib\libm0.sm8)smul.o ***
c_uitol                             ********   *** removed from (C:\Program Files (x86)\COSMIC\FSE_Compilers\CXSTM8\lib\libm0.sm8)utol.o ***
c_uitolx                            ********   *** removed from (C:\Program Files (x86)\COSMIC\FSE_Compilers\CXSTM8\lib\libm0.sm8)utolx.o ***
c_umul                              ********   *** removed from (C:\Program Files (x86)\COSMIC\FSE_Compilers\CXSTM8\lib\libm0.sm8)umul.o ***
c_x                                 00000009   defined in (C:\Program Files (x86)\COSMIC\FSE_Compilers\CXSTM8\lib\libm0.sm8)xreg.o section .ubsct
                                               used in C:\Program Files (x86)\COSMIC\FSE_Compilers\CXSTM8\lib\crtsi0.sm8
                                                       Debug\milis.o
                                                       Debug\stm8s_awu.o
                                                       Debug\stm8s_beep.o
                                                       Debug\stm8s_flash.o
                                                       (C:\Program Files (x86)\COSMIC\FSE_Compilers\CXSTM8\lib\libm0.sm8)imul.o
                                                       (C:\Program Files (x86)\COSMIC\FSE_Compilers\CXSTM8\lib\libm0.sm8)lmul.o
                                                       (C:\Program Files (x86)\COSMIC\FSE_Compilers\CXSTM8\lib\libm0.sm8)ldiv.o
                                                       (C:\Program Files (x86)\COSMIC\FSE_Compilers\CXSTM8\lib\libm0.sm8)sdivx.o
                                                       (C:\Program Files (x86)\COSMIC\FSE_Compilers\CXSTM8\lib\libm0.sm8)umul.o
c_y                                 0000000c   defined in (C:\Program Files (x86)\COSMIC\FSE_Compilers\CXSTM8\lib\libm0.sm8)yreg.o section .ubsct
                                               used in C:\Program Files (x86)\COSMIC\FSE_Compilers\CXSTM8\lib\crtsi0.sm8
                                                       Debug\milis.o
                                                       (C:\Program Files (x86)\COSMIC\FSE_Compilers\CXSTM8\lib\libm0.sm8)umul.o
f_ADC2_IRQHandler                   000090b7   defined in Debug\stm8s_it.o section .text
                                               used in Debug\stm8_interrupt_vector.o
f_AWU_IRQHandler                    000090a2   defined in Debug\stm8s_it.o section .text
                                               used in Debug\stm8_interrupt_vector.o
f_CAN_RX_IRQHandler                 000090a9   defined in Debug\stm8s_it.o section .text
                                               used in Debug\stm8_interrupt_vector.o
f_CAN_TX_IRQHandler                 000090aa   defined in Debug\stm8s_it.o section .text
                                               used in Debug\stm8_interrupt_vector.o
f_CLK_IRQHandler                    000090a3   defined in Debug\stm8s_it.o section .text
                                               used in Debug\stm8_interrupt_vector.o
f_EEPROM_EEC_IRQHandler             000090b8   defined in Debug\stm8s_it.o section .text
                                               used in Debug\stm8_interrupt_vector.o
f_EXTI_PORTA_IRQHandler             000090a4   defined in Debug\stm8s_it.o section .text
                                               used in Debug\stm8_interrupt_vector.o
f_EXTI_PORTB_IRQHandler             000090a5   defined in Debug\stm8s_it.o section .text
                                               used in Debug\stm8_interrupt_vector.o
f_EXTI_PORTC_IRQHandler             000090a6   defined in Debug\stm8s_it.o section .text
                                               used in Debug\stm8_interrupt_vector.o
f_EXTI_PORTD_IRQHandler             000090a7   defined in Debug\stm8s_it.o section .text
                                               used in Debug\stm8_interrupt_vector.o
f_EXTI_PORTE_IRQHandler             000090a8   defined in Debug\stm8s_it.o section .text
                                               used in Debug\stm8_interrupt_vector.o
f_I2C_IRQHandler                    000090b4   defined in Debug\stm8s_it.o section .text
                                               used in Debug\stm8_interrupt_vector.o
f_NonHandledInterrupt               0000909f   defined in Debug\stm8s_it.o section .text
                                               used in Debug\stm8_interrupt_vector.o
f_SPI_IRQHandler                    000090ab   defined in Debug\stm8s_it.o section .text
                                               used in Debug\stm8_interrupt_vector.o
f_TIM1_CAP_COM_IRQHandler           000090ad   defined in Debug\stm8s_it.o section .text
                                               used in Debug\stm8_interrupt_vector.o
f_TIM1_UPD_OVF_TRG_BRK_IRQHandler   000090ac   defined in Debug\stm8s_it.o section .text
                                               used in Debug\stm8_interrupt_vector.o
f_TIM2_CAP_COM_IRQHandler           000090af   defined in Debug\stm8s_it.o section .text
                                               used in Debug\stm8_interrupt_vector.o
f_TIM2_UPD_OVF_BRK_IRQHandler       000090ae   defined in Debug\stm8s_it.o section .text
                                               used in Debug\stm8_interrupt_vector.o
f_TIM3_CAP_COM_IRQHandler           000090b1   defined in Debug\stm8s_it.o section .text
                                               used in Debug\stm8_interrupt_vector.o
f_TIM3_UPD_OVF_BRK_IRQHandler       000090b0   defined in Debug\stm8s_it.o section .text
                                               used in Debug\stm8_interrupt_vector.o
f_TIM4_UPD_OVF_IRQHandler           0000844e   defined in Debug\milis.o section .text
                                               used in Debug\stm8_interrupt_vector.o
f_TLI_IRQHandler                    000090a1   defined in Debug\stm8s_it.o section .text
                                               used in Debug\stm8_interrupt_vector.o
f_TRAP_IRQHandler                   000090a0   defined in Debug\stm8s_it.o section .text
                                               used in Debug\stm8_interrupt_vector.o
f_UART1_RX_IRQHandler               000090b3   defined in Debug\stm8s_it.o section .text
                                               used in Debug\stm8_interrupt_vector.o
f_UART1_TX_IRQHandler               000090b2   defined in Debug\stm8s_it.o section .text
                                               used in Debug\stm8_interrupt_vector.o
f_UART3_RX_IRQHandler               000090b6   defined in Debug\stm8s_it.o section .text
                                               used in Debug\stm8_interrupt_vector.o
f_UART3_TX_IRQHandler               000090b5   defined in Debug\stm8s_it.o section .text
                                               used in Debug\stm8_interrupt_vector.o
